<!doctype html public "-//w3c//dtd html 4.0 transitional//en">
<html><head>
<title>Static Call Graph - [.\Objects\output.axf]</title></head>
<body><HR>
<H1>Static Call Graph for image .\Objects\output.axf</H1><HR>
<BR><P>#&#060CALLGRAPH&#062# ARM Linker, 6150002: Last Updated: Thu Dec 17 16:43:17 2020
<BR><P>
<H3>Maximum Stack Usage =       2152 bytes + Unknown(Functions without stacksize, Cycles, Untraceable Function Pointers)</H3><H3>
Call chain for Maximum Stack Depth:</H3>
AppTaskStart &rArr; bsp_Init &rArr; bsp_InitUart &rArr; InitHardUart &rArr; bsp_SetUartParam &rArr; HAL_UART_Init &rArr; UART_SetConfig &rArr; HAL_RCC_GetPCLK2Freq &rArr; HAL_RCC_GetHCLKFreq &rArr; HAL_RCCEx_GetD1SysClockFreq &rArr; HAL_RCC_GetSysClockFreq
<P>
<H3>
Functions with no stack information
</H3><UL>
 <LI><a href="#[4fa]">CPU_IntDis</a>
 <LI><a href="#[4fb]">CPU_IntEn</a>
 <LI><a href="#[1fc]">CPU_SR_Save</a>
 <LI><a href="#[201]">CPU_SR_Restore</a>
 <LI><a href="#[4fc]">CPU_WaitForInt</a>
 <LI><a href="#[4fd]">CPU_WaitForExcept</a>
 <LI><a href="#[422]">CPU_CntLeadZeros</a>
 <LI><a href="#[4fe]">CPU_CntTrailZeros</a>
 <LI><a href="#[4ff]">CPU_RevBits</a>
 <LI><a href="#[af]">FRAMEWIN_Callback</a>
 <LI><a href="#[1bd]">FRAMEWIN_CreateIndirect</a>
 <LI><a href="#[5]">FRAMEWIN_DrawSkinFlex</a>
 <LI><a href="#[22f]">FRAMEWIN_GetActive</a>
 <LI><a href="#[23b]">FRAMEWIN_SetFont</a>
 <LI><a href="#[23f]">FRAMEWIN_SetText</a>
 <LI><a href="#[240]">FRAMEWIN_SetTextColor</a>
 <LI><a href="#[221]">FRAMEWIN__CalcPositions</a>
 <LI><a href="#[245]">FRAMEWIN__CalcTitleHeight</a>
 <LI><a href="#[4]">FRAMEWIN__GetBorderSize</a>
 <LI><a href="#[244]">FRAMEWIN__GetTitleLimits</a>
 <LI><a href="#[23e]">FRAMEWIN__UpdateButtons</a>
 <LI><a href="#[23d]">FRAMEWIN__UpdatePositions</a>
 <LI><a href="#[25b]">GL_DrawLine1Ex</a>
 <LI><a href="#[25c]">GL_DrawPoint</a>
 <LI><a href="#[25e]">GL_FillCircle</a>
 <LI><a href="#[2cf]">GL_FillPolygon</a>
 <LI><a href="#[25f]">GL_SetDefault</a>
 <LI><a href="#[262]">GRAPH_AttachData</a>
 <LI><a href="#[b1]">GRAPH_Callback</a>
 <LI><a href="#[1bb]">GRAPH_CreateIndirect</a>
 <LI><a href="#[27a]">GRAPH_DATA_YT_Create</a>
 <LI><a href="#[27c]">GRAPH_SetBorder</a>
 <LI><a href="#[27d]">GRAPH__InvalidateGraph</a>
 <LI><a href="#[3c1]">GUICC_M1555I_SetCustColorConv</a>
 <LI><a href="#[3c3]">GUICC_M4444I_SetCustColorConv</a>
 <LI><a href="#[3c2]">GUICC_M565_SetCustColorConv</a>
 <LI><a href="#[3c5]">GUICC_M8888I_SetCustColorConv</a>
 <LI><a href="#[3c4]">GUICC_M888_SetCustColorConv</a>
 <LI><a href="#[1a1]">GUIMONO_DispChar</a>
 <LI><a href="#[1a2]">GUIMONO_GetCharDistX</a>
 <LI><a href="#[1a3]">GUIMONO_GetFontInfo</a>
 <LI><a href="#[1a4]">GUIMONO_IsInFont</a>
 <LI><a href="#[158]">GUIPROP_DispChar</a>
 <LI><a href="#[159]">GUIPROP_GetCharDistX</a>
 <LI><a href="#[15a]">GUIPROP_GetFontInfo</a>
 <LI><a href="#[15b]">GUIPROP_IsInFont</a>
 <LI><a href="#[28d]">GUITASK_CopyContext</a>
 <LI><a href="#[28f]">GUITASK_Init</a>
 <LI><a href="#[293]">GUI_AA_DrawRoundedRect</a>
 <LI><a href="#[29b]">GUI_AA_Exit</a>
 <LI><a href="#[298]">GUI_AA_HiRes2Pixel</a>
 <LI><a href="#[29a]">GUI_AA_Init_HiRes</a>
 <LI><a href="#[29f]">GUI_ALLOC_AllocInit</a>
 <LI><a href="#[2a1]">GUI_ALLOC_AllocNoInit</a>
 <LI><a href="#[27b]">GUI_ALLOC_AllocZero</a>
 <LI><a href="#[33f]">GUI_ALLOC_AssignMemory</a>
 <LI><a href="#[270]">GUI_ALLOC_Free</a>
 <LI><a href="#[2be]">GUI_ALLOC_FreeFixedBlock</a>
 <LI><a href="#[223]">GUI_ALLOC_FreePtr</a>
 <LI><a href="#[291]">GUI_ALLOC_GetFixedBlock</a>
 <LI><a href="#[2a5]">GUI_ALLOC_GetMaxSize</a>
 <LI><a href="#[34d]">GUI_ALLOC_GetSize</a>
 <LI><a href="#[218]">GUI_ALLOC_LockH</a>
 <LI><a href="#[2a6]">GUI_ALLOC_Realloc</a>
 <LI><a href="#[2a7]">GUI_ALLOC_RequestSize</a>
 <LI><a href="#[340]">GUI_ALLOC_SetAvBlockSize</a>
 <LI><a href="#[219]">GUI_ALLOC_UnlockH</a>
 <LI><a href="#[2ba]">GUI_ALLOC_h2p</a>
 <LI><a href="#[263]">GUI_ARRAY_AddItem</a>
 <LI><a href="#[279]">GUI_ARRAY_Create</a>
 <LI><a href="#[271]">GUI_ARRAY_Delete</a>
 <LI><a href="#[269]">GUI_ARRAY_GetNumItems</a>
 <LI><a href="#[26a]">GUI_ARRAY_GethItem</a>
 <LI><a href="#[2a8]">GUI_CURSOR_SelectEx</a>
 <LI><a href="#[2b1]">GUI_CURSOR_SetPositionEx</a>
 <LI><a href="#[2b4]">GUI_CURSOR_Show</a>
 <LI><a href="#[4b8]">GUI_CalcColorDist</a>
 <LI><a href="#[24e]">GUI_Clear</a>
 <LI><a href="#[275]">GUI_ClearRect</a>
 <LI><a href="#[214]">GUI_CreateDialogBox</a>
 <LI><a href="#[319]">GUI_DCACHE_Clear</a>
 <LI><a href="#[2bb]">GUI_DEVICE_Create</a>
 <LI><a href="#[2bc]">GUI_DEVICE_CreateAndLink</a>
 <LI><a href="#[2bd]">GUI_DEVICE_Delete</a>
 <LI><a href="#[2f3]">GUI_DEVICE_Link</a>
 <LI><a href="#[2ed]">GUI_DEVICE_LinkDevices</a>
 <LI><a href="#[321]">GUI_DEVICE_Unlink</a>
 <LI><a href="#[2ec]">GUI_DEVICE_UnlinkTaskDevices</a>
 <LI><a href="#[331]">GUI_DEVICE__GetpDevice</a>
 <LI><a href="#[2f9]">GUI_DEVICE__GetpDriver</a>
 <LI><a href="#[2c6]">GUI_DispStringAt</a>
 <LI><a href="#[239]">GUI_DispStringInRect</a>
 <LI><a href="#[2c9]">GUI_DispStringInRectWrap</a>
 <LI><a href="#[2ac]">GUI_DrawBitmap</a>
 <LI><a href="#[eb]">GUI_DrawGradientH</a>
 <LI><a href="#[ea]">GUI_DrawGradientV</a>
 <LI><a href="#[2ce]">GUI_DrawGraphEx</a>
 <LI><a href="#[233]">GUI_DrawHLine</a>
 <LI><a href="#[278]">GUI_DrawLine</a>
 <LI><a href="#[23a]">GUI_DrawPixel</a>
 <LI><a href="#[2d0]">GUI_DrawRect</a>
 <LI><a href="#[235]">GUI_DrawVLine</a>
 <LI><a href="#[2d1]">GUI_Exec</a>
 <LI><a href="#[234]">GUI_FillRect</a>
 <LI><a href="#[236]">GUI_FillRectEx</a>
 <LI><a href="#[323]">GUI_GetBitmapPixelIndex</a>
 <LI><a href="#[4c1]">GUI_GetBitmapPixelIndexEx</a>
 <LI><a href="#[311]">GUI_GetBitsPerPixelEx</a>
 <LI><a href="#[28c]">GUI_GetBkColor</a>
 <LI><a href="#[2d5]">GUI_GetCharDistX</a>
 <LI><a href="#[2d6]">GUI_GetCharDistXEx</a>
 <LI><a href="#[2d7]">GUI_GetClientRect</a>
 <LI><a href="#[28b]">GUI_GetColor</a>
 <LI><a href="#[2a9]">GUI_GetCursorLayer</a>
 <LI><a href="#[2d9]">GUI_GetDrawMode</a>
 <LI><a href="#[2c0]">GUI_GetFontDistY</a>
 <LI><a href="#[2da]">GUI_GetLayerPosEx</a>
 <LI><a href="#[276]">GUI_GetLineStyle</a>
 <LI><a href="#[2dc]">GUI_GetOrg</a>
 <LI><a href="#[297]">GUI_GetPenSize</a>
 <LI><a href="#[2dd]">GUI_GetTime</a>
 <LI><a href="#[344]">GUI_GetVersionString</a>
 <LI><a href="#[2c1]">GUI_GetYAdjust</a>
 <LI><a href="#[23c]">GUI_GetYSizeOfFont</a>
 <LI><a href="#[313]">GUI_GetpfColor2IndexEx</a>
 <LI><a href="#[312]">GUI_GetpfIndex2ColorEx</a>
 <LI><a href="#[2b5]">GUI_GotoXY</a>
 <LI><a href="#[2df]">GUI_Init</a>
 <LI><a href="#[224]">GUI_Lock</a>
 <LI><a href="#[2ee]">GUI_MEMDEV_Clear</a>
 <LI><a href="#[2ef]">GUI_MEMDEV_CopyToLCD</a>
 <LI><a href="#[2f7]">GUI_MEMDEV_CreateEx</a>
 <LI><a href="#[2fa]">GUI_MEMDEV_Delete</a>
 <LI><a href="#[2fc]">GUI_MEMDEV_Draw</a>
 <LI><a href="#[306]">GUI_MEMDEV_GetBitsPerPixel</a>
 <LI><a href="#[308]">GUI_MEMDEV_GetDataPtr</a>
 <LI><a href="#[2ff]">GUI_MEMDEV_GetYSize</a>
 <LI><a href="#[f3]">GUI_MEMDEV_Paint1Static</a>
 <LI><a href="#[301]">GUI_MEMDEV_ReduceYSize</a>
 <LI><a href="#[300]">GUI_MEMDEV_Select</a>
 <LI><a href="#[3c9]">GUI_MEMDEV_SetDrawMemdev16bppFunc</a>
 <LI><a href="#[302]">GUI_MEMDEV_SetOrg</a>
 <LI><a href="#[30b]">GUI_MEMDEV_Write</a>
 <LI><a href="#[2f8]">GUI_MEMDEV__CreateFixed</a>
 <LI><a href="#[10b]">GUI_MEMDEV__WriteToActiveAlpha</a>
 <LI><a href="#[30e]">GUI_MEMDEV__WriteToActiveAt</a>
 <LI><a href="#[10a]">GUI_MEMDEV__WriteToActiveOpaque</a>
 <LI><a href="#[316]">GUI_MULTIBUF_BeginEx</a>
 <LI><a href="#[317]">GUI_MULTIBUF_ConfigEx</a>
 <LI><a href="#[3cf]">GUI_MULTIBUF_ConfirmEx</a>
 <LI><a href="#[318]">GUI_MULTIBUF_EndEx</a>
 <LI><a href="#[4a3]">GUI_MergeRect</a>
 <LI><a href="#[488]">GUI_MoveRect</a>
 <LI><a href="#[48f]">GUI_PID_GetState</a>
 <LI><a href="#[48e]">GUI_PID_IsEmpty</a>
 <LI><a href="#[252]">GUI_PID_StoreState</a>
 <LI><a href="#[31b]">GUI_PollKeyMsg</a>
 <LI><a href="#[31d]">GUI_ReadRectEx</a>
 <LI><a href="#[4a8]">GUI_RectsIntersect</a>
 <LI><a href="#[31f]">GUI_RestoreContext</a>
 <LI><a href="#[2b0]">GUI_SPRITE_Delete</a>
 <LI><a href="#[2b3]">GUI_SPRITE_SetPosition</a>
 <LI><a href="#[2af]">GUI_SPRITE_Show</a>
 <LI><a href="#[2aa]">GUI_SPRITE__CreateEx</a>
 <LI><a href="#[328]">GUI_SaveContext_W</a>
 <LI><a href="#[2f6]">GUI_SelectLCD</a>
 <LI><a href="#[2ab]">GUI_SelectLayer</a>
 <LI><a href="#[267]">GUI_SetBkColor</a>
 <LI><a href="#[232]">GUI_SetColor</a>
 <LI><a href="#[32a]">GUI_SetColorIndex</a>
 <LI><a href="#[2cd]">GUI_SetDrawMode</a>
 <LI><a href="#[238]">GUI_SetFont</a>
 <LI><a href="#[3c6]">GUI_SetFuncAlphaBlending</a>
 <LI><a href="#[3ca]">GUI_SetFuncDrawAlpha</a>
 <LI><a href="#[3c7]">GUI_SetFuncGetpPalConvTable</a>
 <LI><a href="#[3c8]">GUI_SetFuncMixColorsBulk</a>
 <LI><a href="#[2b2]">GUI_SetLayerPosEx</a>
 <LI><a href="#[2ad]">GUI_SetLayerSizeEx</a>
 <LI><a href="#[2ae]">GUI_SetLayerVisEx</a>
 <LI><a href="#[277]">GUI_SetLineStyle</a>
 <LI><a href="#[2e9]">GUI_SetOrg</a>
 <LI><a href="#[32f]">GUI_SetOrientation</a>
 <LI><a href="#[237]">GUI_SetTextMode</a>
 <LI><a href="#[31a]">GUI_SignalEvent</a>
 <LI><a href="#[333]">GUI_StoreKey</a>
 <LI><a href="#[334]">GUI_TIMER_Create</a>
 <LI><a href="#[336]">GUI_TIMER_Delete</a>
 <LI><a href="#[c3]">GUI_TIMER_Exec</a>
 <LI><a href="#[337]">GUI_TIMER_GetFlag</a>
 <LI><a href="#[338]">GUI_TIMER_Restart</a>
 <LI><a href="#[339]">GUI_TIMER_SetPeriod</a>
 <LI><a href="#[33a]">GUI_TIMER__GetFirstTimer</a>
 <LI><a href="#[33b]">GUI_TIMER__GetNextTimerLin</a>
 <LI><a href="#[33c]">GUI_UC_SetEncodeUTF8</a>
 <LI><a href="#[34b]">GUI_UC__GetCharCodeInc</a>
 <LI><a href="#[2c5]">GUI_UC__NumChars2NumBytes</a>
 <LI><a href="#[4c0]">GUI_USAGE_AddRect</a>
 <LI><a href="#[30f]">GUI_USAGE_BM_Create</a>
 <LI><a href="#[2fb]">GUI_USAGE_DecUseCnt</a>
 <LI><a href="#[226]">GUI_Unlock</a>
 <LI><a href="#[342]">GUI__AllocAlphaBuffer</a>
 <LI><a href="#[309]">GUI__AlphaPreserveTrans</a>
 <LI><a href="#[314]">GUI__CompactPixelIndices</a>
 <LI><a href="#[4ce]">GUI__CompactPixelIndicesEx</a>
 <LI><a href="#[2e0]">GUI__Config</a>
 <LI><a href="#[2c4]">GUI__DispLine</a>
 <LI><a href="#[2c8]">GUI__DispStringInRect</a>
 <LI><a href="#[438]">GUI__DivideRound32</a>
 <LI><a href="#[348]">GUI__DoAlphaBlending</a>
 <LI><a href="#[231]">GUI__DrawTwinArc2</a>
 <LI><a href="#[349]">GUI__ExpandPixelIndicesEx</a>
 <LI><a href="#[2c3]">GUI__GetLineDistX</a>
 <LI><a href="#[2c2]">GUI__GetLineNumChars</a>
 <LI><a href="#[347]">GUI__HandleEOLine</a>
 <LI><a href="#[484]">GUI__IntersectRect</a>
 <LI><a href="#[2c7]">GUI__IntersectRects</a>
 <LI><a href="#[34c]">GUI__ManageCache</a>
 <LI><a href="#[2]">GUI__MixColors</a>
 <LI><a href="#[3]">GUI__MixColorsBulk</a>
 <LI><a href="#[268]">GUI__ReduceRect</a>
 <LI><a href="#[290]">GUI__RegisterExit</a>
 <LI><a href="#[22e]">GUI__SetText</a>
 <LI><a href="#[2cb]">GUI__WrapGetNumBytesToNextLine</a>
 <LI><a href="#[2cc]">GUI__WrapGetNumCharsDisp</a>
 <LI><a href="#[34f]">GUI__memset</a>
 <LI><a href="#[4c2]">GUI__memset16</a>
 <LI><a href="#[34a]">GUI__sqrt32</a>
 <LI><a href="#[b]">LCD_AA_MixColors16</a>
 <LI><a href="#[343]">LCD_AA_SetOrMask</a>
 <LI><a href="#[3ae]">LCD_Color2Index</a>
 <LI><a href="#[115]">LCD_Color2Index_8666</a>
 <LI><a href="#[289]">LCD_DrawBitmap</a>
 <LI><a href="#[134]">LCD_DrawHLine</a>
 <LI><a href="#[135]">LCD_DrawPixel</a>
 <LI><a href="#[25d]">LCD_DrawVLine</a>
 <LI><a href="#[28a]">LCD_FillRect</a>
 <LI><a href="#[330]">LCD_GetBitsPerPixelEx</a>
 <LI><a href="#[2d3]">LCD_GetBkColorIndex</a>
 <LI><a href="#[2d8]">LCD_GetColorIndex</a>
 <LI><a href="#[4c9]">LCD_GetDevFunc</a>
 <LI><a href="#[3a4]">LCD_GetMirrorXEx</a>
 <LI><a href="#[3a5]">LCD_GetMirrorYEx</a>
 <LI><a href="#[3a6]">LCD_GetNumColors</a>
 <LI><a href="#[3a7]">LCD_GetNumColorsEx</a>
 <LI><a href="#[3a8]">LCD_GetNumLayers</a>
 <LI><a href="#[3a9]">LCD_GetPalette</a>
 <LI><a href="#[3aa]">LCD_GetPixelColor</a>
 <LI><a href="#[3ab]">LCD_GetPixelIndex</a>
 <LI><a href="#[2db]">LCD_GetPosEx</a>
 <LI><a href="#[3ac]">LCD_GetSwapXYEx</a>
 <LI><a href="#[304]">LCD_GetVXSizeEx</a>
 <LI><a href="#[29e]">LCD_GetVXSizeMax</a>
 <LI><a href="#[305]">LCD_GetVYSizeEx</a>
 <LI><a href="#[30c]">LCD_GetXSize</a>
 <LI><a href="#[2e4]">LCD_GetXSizeDisplay</a>
 <LI><a href="#[2fd]">LCD_GetXSizeEx</a>
 <LI><a href="#[2e6]">LCD_GetXSizeMax</a>
 <LI><a href="#[30d]">LCD_GetYSize</a>
 <LI><a href="#[2e5]">LCD_GetYSizeDisplay</a>
 <LI><a href="#[2fe]">LCD_GetYSizeEx</a>
 <LI><a href="#[2e7]">LCD_GetYSizeMax</a>
 <LI><a href="#[3ad]">LCD_GetpPalConvTable</a>
 <LI><a href="#[0]">LCD_GetpPalConvTableBM</a>
 <LI><a href="#[2d4]">LCD_Index2Color</a>
 <LI><a href="#[116]">LCD_Index2Color_8666</a>
 <LI><a href="#[f6]">LCD_Index2Color_8888</a>
 <LI><a href="#[12c]">LCD_Index2Color_M565</a>
 <LI><a href="#[c7]">LCD_Index2Color_M888</a>
 <LI><a href="#[c8]">LCD_Index2Color_M8888I</a>
 <LI><a href="#[3af]">LCD_InitColors</a>
 <LI><a href="#[3b0]">LCD_InitLUT</a>
 <LI><a href="#[329]">LCD_SelectLCD</a>
 <LI><a href="#[24d]">LCD_SetBkColor</a>
 <LI><a href="#[3c0]">LCD_SetBkColorIndex</a>
 <LI><a href="#[3bb]">LCD_SetClipRectEx</a>
 <LI><a href="#[2f5]">LCD_SetClipRectMax</a>
 <LI><a href="#[260]">LCD_SetColor</a>
 <LI><a href="#[32b]">LCD_SetColorIndex</a>
 <LI><a href="#[3bc]">LCD_SetDevFunc</a>
 <LI><a href="#[2e8]">LCD_SetDisplaySize</a>
 <LI><a href="#[261]">LCD_SetDrawMode</a>
 <LI><a href="#[3b1]">LCD_SetLUTEntryEx</a>
 <LI><a href="#[f7]">LCD_SetPixelAA4_Trans</a>
 <LI><a href="#[32c]">LCD_SetPosEx</a>
 <LI><a href="#[32d]">LCD_SetSizeEx</a>
 <LI><a href="#[3be]">LCD_SetVRAMAddrEx</a>
 <LI><a href="#[3bf]">LCD_SetVSizeEx</a>
 <LI><a href="#[32e]">LCD_SetVisEx</a>
 <LI><a href="#[2f4]">LCD_UpdateColorIndices</a>
 <LI><a href="#[315]">LCD__DrawBitmap_1bpp</a>
 <LI><a href="#[307]">LCD__GetBPPDevice</a>
 <LI><a href="#[e5]">SCROLLBAR_Callback</a>
 <LI><a href="#[439]">SCROLLBAR_CreateAttached</a>
 <LI><a href="#[f]">SCROLLBAR_DrawSkinFlex</a>
 <LI><a href="#[26d]">SCROLLBAR_GetValue</a>
 <LI><a href="#[4b6]">SCROLLBAR__Rect2VRect</a>
 <LI><a href="#[ec]">TEXT_Callback</a>
 <LI><a href="#[1bc]">TEXT_CreateIndirect</a>
 <LI><a href="#[451]">TEXT_SetFont</a>
 <LI><a href="#[20f]">TEXT_SetText</a>
 <LI><a href="#[452]">TEXT_SetTextAlign</a>
 <LI><a href="#[453]">TEXT_SetTextColor</a>
 <LI><a href="#[436]">WIDGET_AndState</a>
 <LI><a href="#[21b]">WIDGET_HandleActive</a>
 <LI><a href="#[229]">WIDGET_OrState</a>
 <LI><a href="#[471]">WIDGET_SetEffect</a>
 <LI><a href="#[43c]">WIDGET__DrawTriangle</a>
 <LI><a href="#[265]">WIDGET__EFFECT_DrawDownRect</a>
 <LI><a href="#[474]">WIDGET__GetClientRect</a>
 <LI><a href="#[22c]">WIDGET__Init</a>
 <LI><a href="#[43b]">WIDGET__RotateRect90</a>
 <LI><a href="#[475]">WIDGET__SetScrollState</a>
 <LI><a href="#[ed]">WINDOW_Callback</a>
 <LI><a href="#[1ba]">WINDOW_CreateIndirect</a>
 <LI><a href="#[2f1]">WM_Activate</a>
 <LI><a href="#[477]">WM_BringToBottom</a>
 <LI><a href="#[21f]">WM_BringToTop</a>
 <LI><a href="#[4cc]">WM_CheckScrollBounds</a>
 <LI><a href="#[3d6]">WM_CreateTimer</a>
 <LI><a href="#[22b]">WM_CreateWindowAsChild</a>
 <LI><a href="#[2f2]">WM_Deactivate</a>
 <LI><a href="#[21c]">WM_DefaultProc</a>
 <LI><a href="#[437]">WM_DeleteTimer</a>
 <LI><a href="#[216]">WM_DeleteWindow</a>
 <LI><a href="#[22d]">WM_DisableMemdev</a>
 <LI><a href="#[2d2]">WM_Exec</a>
 <LI><a href="#[47c]">WM_ForEachDesc</a>
 <LI><a href="#[48d]">WM_GetActiveWindow</a>
 <LI><a href="#[264]">WM_GetClientRect</a>
 <LI><a href="#[2b6]">WM_GetClientWindow</a>
 <LI><a href="#[213]">WM_GetDesktopWindow</a>
 <LI><a href="#[4a5]">WM_GetDesktopWindowEx</a>
 <LI><a href="#[20e]">WM_GetDialogItem</a>
 <LI><a href="#[246]">WM_GetFirstChild</a>
 <LI><a href="#[2b9]">WM_GetFocusedWindow</a>
 <LI><a href="#[450]">WM_GetHasTrans</a>
 <LI><a href="#[26e]">WM_GetId</a>
 <LI><a href="#[43a]">WM_GetInsideRectEx</a>
 <LI><a href="#[272]">WM_GetInsideRectExScrollbar</a>
 <LI><a href="#[247]">WM_GetNextSibling</a>
 <LI><a href="#[273]">WM_GetOrgX</a>
 <LI><a href="#[274]">WM_GetOrgY</a>
 <LI><a href="#[24c]">WM_GetParent</a>
 <LI><a href="#[432]">WM_GetScrollPartner</a>
 <LI><a href="#[26c]">WM_GetScrollbarH</a>
 <LI><a href="#[26b]">WM_GetScrollbarV</a>
 <LI><a href="#[48a]">WM_GetTimerId</a>
 <LI><a href="#[30a]">WM_GetWindowOrgX</a>
 <LI><a href="#[48b]">WM_GetWindowRectEx</a>
 <LI><a href="#[48c]">WM_GetWindowSizeX</a>
 <LI><a href="#[243]">WM_GetWindowSizeY</a>
 <LI><a href="#[ba]">WM_HandlePID</a>
 <LI><a href="#[4a7]">WM_HasCaptured</a>
 <LI><a href="#[228]">WM_HasFocus</a>
 <LI><a href="#[498]">WM_HideWindow</a>
 <LI><a href="#[2ea]">WM_Init</a>
 <LI><a href="#[27e]">WM_InvalidateRect</a>
 <LI><a href="#[225]">WM_InvalidateWindow</a>
 <LI><a href="#[49b]">WM_InvalidateWindowAndDescs</a>
 <LI><a href="#[49c]">WM_InvalidateWindowAndDescsEx</a>
 <LI><a href="#[49d]">WM_IsFocusable</a>
 <LI><a href="#[227]">WM_IsWindow</a>
 <LI><a href="#[3d5]">WM_MULTIBUF_Enable</a>
 <LI><a href="#[24a]">WM_MoveChildTo</a>
 <LI><a href="#[248]">WM_MoveWindow</a>
 <LI><a href="#[433]">WM_NotifyParent</a>
 <LI><a href="#[31c]">WM_OnKey</a>
 <LI><a href="#[491]">WM_PID__SetPrevState</a>
 <LI><a href="#[497]">WM_ReleaseCapture</a>
 <LI><a href="#[249]">WM_ResizeWindow</a>
 <LI><a href="#[434]">WM_RestartTimer</a>
 <LI><a href="#[495]">WM_Screen2hWin</a>
 <LI><a href="#[472]">WM_SendMessage</a>
 <LI><a href="#[2b8]">WM_SendMessageNoPara</a>
 <LI><a href="#[47f]">WM_SendToParent</a>
 <LI><a href="#[435]">WM_SetCapture</a>
 <LI><a href="#[220]">WM_SetCaptureMove</a>
 <LI><a href="#[21a]">WM_SetFocus</a>
 <LI><a href="#[22a]">WM_SetFocusOnNextChild</a>
 <LI><a href="#[24f]">WM_SetFocusOnPrevChild</a>
 <LI><a href="#[230]">WM_SetHasTrans</a>
 <LI><a href="#[476]">WM_SetScrollState</a>
 <LI><a href="#[4ad]">WM_SetScrollbarH</a>
 <LI><a href="#[4af]">WM_SetScrollbarV</a>
 <LI><a href="#[24b]">WM_SetSize</a>
 <LI><a href="#[266]">WM_SetUserClipRect</a>
 <LI><a href="#[2b7]">WM_ShowWindow</a>
 <LI><a href="#[4ac]">WM_ValidateWindow</a>
 <LI><a href="#[4b0]">WM__ActivateClipRect</a>
 <LI><a href="#[490]">WM__AddCriticalHandle</a>
 <LI><a href="#[481]">WM__DeleteAssocTimer</a>
 <LI><a href="#[4ae]">WM__DeleteSecure</a>
 <LI><a href="#[486]">WM__ForEachDesc</a>
 <LI><a href="#[47e]">WM__GetClientRectEx</a>
 <LI><a href="#[470]">WM__GetClientRectWin</a>
 <LI><a href="#[4a9]">WM__GetFocusedChild</a>
 <LI><a href="#[4ab]">WM__GetLastSibling</a>
 <LI><a href="#[29c]">WM__GetNextIVR</a>
 <LI><a href="#[295]">WM__GetOrgX_AA</a>
 <LI><a href="#[296]">WM__GetOrgY_AA</a>
 <LI><a href="#[478]">WM__GetPrevSibling</a>
 <LI><a href="#[4aa]">WM__GetTopLevelLayer</a>
 <LI><a href="#[241]">WM__GetWindowSizeX</a>
 <LI><a href="#[242]">WM__GetWindowSizeY</a>
 <LI><a href="#[299]">WM__InitIVRSearch</a>
 <LI><a href="#[47b]">WM__InsertWindowIntoList</a>
 <LI><a href="#[49a]">WM__InvalidateDrawAndDescs</a>
 <LI><a href="#[4a1]">WM__InvalidateParent</a>
 <LI><a href="#[482]">WM__InvalidateRect</a>
 <LI><a href="#[479]">WM__InvalidateRectEx</a>
 <LI><a href="#[21e]">WM__IsAncestor</a>
 <LI><a href="#[21d]">WM__IsAncestorOrSelf</a>
 <LI><a href="#[494]">WM__IsEnabled</a>
 <LI><a href="#[49e]">WM__IsWindow</a>
 <LI><a href="#[49f]">WM__MoveWindow</a>
 <LI><a href="#[f4]">WM__Paint1</a>
 <LI><a href="#[492]">WM__RemoveCriticalHandle</a>
 <LI><a href="#[47a]">WM__RemoveWindowFromList</a>
 <LI><a href="#[473]">WM__Screen2Client</a>
 <LI><a href="#[222]">WM__SendMessage</a>
 <LI><a href="#[496]">WM__SendMessageIfEnabled</a>
 <LI><a href="#[303]">WM__SendMessageNoPara</a>
 <LI><a href="#[4a4]">WM__SendMsgNoData</a>
 <LI><a href="#[493]">WM__SendTouchMessage</a>
 <LI><a href="#[46f]">WM__UpdateChildPositions</a>
 <LI><a href="#[2e3]">emWin_LCD_Init</a>
 <LI><a href="#[411]">OS_CPU_FP_Reg_Push</a>
 <LI><a href="#[412]">OS_CPU_FP_Reg_Pop</a>
 <LI><a href="#[3f9]">OSStartHighRdy</a>
 <LI><a href="#[3f5]">OSCtxSw</a>
 <LI><a href="#[3eb]">OSIntCtxSw</a>
 <LI><a href="#[4e9]">OS_CPU_PendSVHandler</a>
 <LI><a href="#[1a]">PendSV_Handler</a>
 <LI><a href="#[1b]">SysTick_Handler</a>
 <LI><a href="#[14]">HardFault_Handler</a>
 <LI><a href="#[294]">GUI_AA_DrawRoundedRect.part.0</a>
 <LI><a href="#[110]">_Color2Index_1616I</a>
 <LI><a href="#[111]">_Index2Color_1616I</a>
 <LI><a href="#[112]">_GetIndexMask_1616I</a>
 <LI><a href="#[113]">_Color2IndexBulk_1616I</a>
 <LI><a href="#[114]">_Index2ColorBulk_1616I</a>
 <LI><a href="#[117]">_GetIndexMask_8666</a>
 <LI><a href="#[118]">_Color2Index_88666I</a>
 <LI><a href="#[119]">_Index2Color_88666I</a>
 <LI><a href="#[11a]">_GetIndexMask_88666I</a>
 <LI><a href="#[11b]">_Color2IndexBulk_88666I</a>
 <LI><a href="#[11c]">_Index2ColorBulk_88666I</a>
 <LI><a href="#[11d]">_Color2Index_M1555I</a>
 <LI><a href="#[11e]">_Index2Color_M1555I</a>
 <LI><a href="#[11f]">_GetIndexMask_M1555I</a>
 <LI><a href="#[120]">_Color2IndexBulk_M1555I</a>
 <LI><a href="#[121]">_Index2ColorBulk_M1555I</a>
 <LI><a href="#[122]">_Color2Index_M4444I</a>
 <LI><a href="#[123]">_Index2Color_M4444I</a>
 <LI><a href="#[124]">_GetIndexMask_M4444I</a>
 <LI><a href="#[125]">_Color2IndexBulk_M4444I</a>
 <LI><a href="#[126]">_Index2ColorBulk_M4444I</a>
 <LI><a href="#[127]">_Color2Index_M8888I</a>
 <LI><a href="#[128]">_GetIndexMask_M8888I</a>
 <LI><a href="#[129]">_Color2IndexBulk_M8888I</a>
 <LI><a href="#[12a]">_Index2ColorBulk_M8888I</a>
 <LI><a href="#[12b]">_Color2Index_M565</a>
 <LI><a href="#[12d]">_GetIndexMask_M565</a>
 <LI><a href="#[12e]">_Color2IndexBulk</a>
 <LI><a href="#[12f]">_Index2ColorBulk</a>
 <LI><a href="#[130]">_Color2Index_M888</a>
 <LI><a href="#[131]">_GetIndexMask_M888</a>
 <LI><a href="#[132]">_Color2IndexBulk</a>
 <LI><a href="#[133]">_Index2ColorBulk</a>
 <LI><a href="#[2a2]">_AddFreeMemory</a>
 <LI><a href="#[2a4]">_RemoveHoles</a>
 <LI><a href="#[2a3]">_EnlargeBlocks</a>
 <LI><a href="#[2a0]">_Alloc</a>
 <LI><a href="#[2e2]">_InitContext</a>
 <LI><a href="#[c6]">_OnExit</a>
 <LI><a href="#[b8]">_OnExit</a>
 <LI><a href="#[2bf]">GUI_DispString.part.0</a>
 <LI><a href="#[2ca]">GUI_DispStringInRectWrap.part.1</a>
 <LI><a href="#[1]">_SetPixelAlpha</a>
 <LI><a href="#[4bf]">_DrawBitmap</a>
 <LI><a href="#[137]">_DrawBitmap_8888</a>
 <LI><a href="#[136]">_DrawBitmap_M8888I</a>
 <LI><a href="#[138]">_DrawBitmapHW_8888</a>
 <LI><a href="#[b9]">_OnExit</a>
 <LI><a href="#[bb]">_OnExit</a>
 <LI><a href="#[bd]">_Log2Phys_X</a>
 <LI><a href="#[be]">_Log2Phys_Y</a>
 <LI><a href="#[bf]">_Log2Phys_XY</a>
 <LI><a href="#[c0]">_Log2Phys_S</a>
 <LI><a href="#[c1]">_Log2Phys_SX</a>
 <LI><a href="#[c2]">_Log2Phys_SY</a>
 <LI><a href="#[bc]">_Log2Phys_SXY</a>
 <LI><a href="#[139]">_DrawBitmap</a>
 <LI><a href="#[13d]">_GetPixelIndex</a>
 <LI><a href="#[13e]">_SetPixelIndex</a>
 <LI><a href="#[13f]">_XorPixel</a>
 <LI><a href="#[13a]">_DrawHLine</a>
 <LI><a href="#[13b]">_DrawVLine</a>
 <LI><a href="#[13c]">_FillRect</a>
 <LI><a href="#[140]">_SetOrg</a>
 <LI><a href="#[141]">_GetDevFunc</a>
 <LI><a href="#[142]">_GetDevProp</a>
 <LI><a href="#[143]">_GetDevData</a>
 <LI><a href="#[144]">_GetRect</a>
 <LI><a href="#[332]">GUI_SetOrientationExCached.part.0</a>
 <LI><a href="#[b5]">_OnExit</a>
 <LI><a href="#[145]">_GetCharCode</a>
 <LI><a href="#[146]">_GetCharSize</a>
 <LI><a href="#[147]">_CalcSizeOfChar</a>
 <LI><a href="#[148]">_Encode</a>
 <LI><a href="#[c5]">_OnExit</a>
 <LI><a href="#[14a]">_SetBkColor</a>
 <LI><a href="#[149]">_SetColor</a>
 <LI><a href="#[14b]">_SetDrawMode</a>
 <LI><a href="#[c9]">_OnExit</a>
 <LI><a href="#[157]">_GetRect</a>
 <LI><a href="#[151]">_SetPixelIndex</a>
 <LI><a href="#[150]">_GetPixelIndex</a>
 <LI><a href="#[152]">_XorPixel</a>
 <LI><a href="#[155]">_GetDevProp</a>
 <LI><a href="#[156]">_GetDevData</a>
 <LI><a href="#[fd]">_ReadRect</a>
 <LI><a href="#[154]">_GetDevFunc</a>
 <LI><a href="#[f8]">_SetVRAMAddr</a>
 <LI><a href="#[f9]">_SetVis</a>
 <LI><a href="#[fa]">_GetPos</a>
 <LI><a href="#[fb]">_SetPos</a>
 <LI><a href="#[fc]">_SetAlpha</a>
 <LI><a href="#[fe]">_SetVRAM_BufferPTR</a>
 <LI><a href="#[ff]">_ShowBuffer</a>
 <LI><a href="#[100]">_CopyBuffer</a>
 <LI><a href="#[101]">_SetDevFunc</a>
 <LI><a href="#[102]">_SetChroma</a>
 <LI><a href="#[103]">_SetChromaMode</a>
 <LI><a href="#[104]">_SetAlphaMode</a>
 <LI><a href="#[105]">_Off</a>
 <LI><a href="#[106]">_On</a>
 <LI><a href="#[107]">_Init</a>
 <LI><a href="#[108]">_SetSize</a>
 <LI><a href="#[109]">_SetVSize</a>
 <LI><a href="#[153]">_SetOrg</a>
 <LI><a href="#[14f]">_FillRect</a>
 <LI><a href="#[14d]">_DrawHLine</a>
 <LI><a href="#[14e]">_DrawVLine</a>
 <LI><a href="#[14c]">_DrawBitmap</a>
 <LI><a href="#[166]">_GetDevData</a>
 <LI><a href="#[164]">_GetDevFunc</a>
 <LI><a href="#[163]">_SetOrg</a>
 <LI><a href="#[167]">_GetRect</a>
 <LI><a href="#[15c]">_DrawBitmap</a>
 <LI><a href="#[165]">_GetDevProp</a>
 <LI><a href="#[160]">_GetPixelIndex</a>
 <LI><a href="#[161]">_SetPixelIndex</a>
 <LI><a href="#[162]">_XorPixel</a>
 <LI><a href="#[15f]">_FillRect</a>
 <LI><a href="#[15d]">_DrawHLine</a>
 <LI><a href="#[15e]">_DrawVLine</a>
 <LI><a href="#[f2]">_OnExit</a>
 <LI><a href="#[4c4]">_Findy1</a>
 <LI><a href="#[4c3]">_Findx0</a>
 <LI><a href="#[4b2]">_Findx1</a>
 <LI><a href="#[4b5]">_Paint1Trans</a>
 <LI><a href="#[4b4]">_PaintTransChildren</a>
 <LI><a href="#[4b1]">_Findx0.constprop.10</a>
 <LI><a href="#[4b3]">_Findy1.constprop.11</a>
 <LI><a href="#[485]">WM__PaintWinAndOverlays</a>
 <LI><a href="#[f0]">_cbPaintMemDev</a>
 <LI><a href="#[499]">_Invalidate1Abs</a>
 <LI><a href="#[47d]">WM_InvalidateRect.part.2</a>
 <LI><a href="#[f1]">_cbBackWin</a>
 <LI><a href="#[480]">WM_DeleteWindow.part.3</a>
 <LI><a href="#[483]">_Exec1Input</a>
 <LI><a href="#[4a2]">WM_ResizeWindow.part.11</a>
 <LI><a href="#[489]">_GetDialogItem.part.4</a>
 <LI><a href="#[487]">_GetDialogItem</a>
 <LI><a href="#[169]">_MULTIBUF_End</a>
 <LI><a href="#[168]">_MULTIBUF_Begin</a>
 <LI><a href="#[ef]">_cbTimer</a>
 <LI><a href="#[b0]">FRAMEWIN__cbClient</a>
 <LI><a href="#[26f]">_ManageScrollbars</a>
 <LI><a href="#[b4]">_OnDelete</a>
 <LI><a href="#[b3]">_OnPaint</a>
 <LI><a href="#[b2]">_InvalidateNewItem</a>
 <LI><a href="#[16b]">_DrawUpRect</a>
 <LI><a href="#[16e]">_DrawFlat</a>
 <LI><a href="#[16d]">_DrawDownRect</a>
 <LI><a href="#[16c]">_DrawDown</a>
 <LI><a href="#[16a]">_DrawUp</a>
 <LI><a href="#[29d]">_FlushLine</a>
 <LI><a href="#[b6]">_OnExit</a>
 <LI><a href="#[b7]">_DrawHLine</a>
 <LI><a href="#[16f]">_Color2Index_16</a>
 <LI><a href="#[170]">_Index2Color_16</a>
 <LI><a href="#[171]">_GetIndexMask_16</a>
 <LI><a href="#[174]">_GetIndexMask_0</a>
 <LI><a href="#[173]">_Index2Color_0</a>
 <LI><a href="#[172]">_Color2Index_0</a>
 <LI><a href="#[6]">_Log2VisBuffered</a>
 <LI><a href="#[346]">_DispLine</a>
 <LI><a href="#[17f]">_GetDevData</a>
 <LI><a href="#[17c]">_SetOrg</a>
 <LI><a href="#[17d]">_GetDevFunc</a>
 <LI><a href="#[17e]">_GetDevProp</a>
 <LI><a href="#[180]">_GetRect</a>
 <LI><a href="#[17b]">_XorPixel</a>
 <LI><a href="#[178]">_FillRect</a>
 <LI><a href="#[327]">_DoColorConversion.isra.3</a>
 <LI><a href="#[322]">_CreateBuffer.isra.4</a>
 <LI><a href="#[324]">_SetBkIndexBuffered</a>
 <LI><a href="#[325]">_ReleaseBuffer.isra.7</a>
 <LI><a href="#[179]">_GetPixelIndex</a>
 <LI><a href="#[17a]">_SetPixelIndex</a>
 <LI><a href="#[320]">_Undraw</a>
 <LI><a href="#[326]">_SpriteDraw</a>
 <LI><a href="#[177]">_DrawVLine</a>
 <LI><a href="#[176]">_DrawHLine</a>
 <LI><a href="#[175]">_DrawBitmap</a>
 <LI><a href="#[181]">_DrawBitmap_C0</a>
 <LI><a href="#[185]">_GetPixelIndex_C0</a>
 <LI><a href="#[186]">_SetPixelIndex_C0</a>
 <LI><a href="#[187]">_XorPixel_C0</a>
 <LI><a href="#[182]">_DrawHLine_C0</a>
 <LI><a href="#[183]">_DrawVLine_C0</a>
 <LI><a href="#[184]">_FillRect_C0</a>
 <LI><a href="#[18c]">_GetPixelIndex_CX</a>
 <LI><a href="#[18d]">_SetPixelIndex_CX</a>
 <LI><a href="#[18e]">_XorPixel_CX</a>
 <LI><a href="#[189]">_DrawHLine_CX</a>
 <LI><a href="#[18a]">_DrawVLine_CX</a>
 <LI><a href="#[18b]">_FillRect_CX</a>
 <LI><a href="#[188]">_DrawBitmap_CX</a>
 <LI><a href="#[193]">_GetPixelIndex_CX</a>
 <LI><a href="#[194]">_SetPixelIndex_CX</a>
 <LI><a href="#[195]">_XorPixel_CX</a>
 <LI><a href="#[190]">_DrawHLine_CX</a>
 <LI><a href="#[191]">_DrawVLine_CX</a>
 <LI><a href="#[192]">_FillRect_CX</a>
 <LI><a href="#[18f]">_DrawBitmap_CX</a>
 <LI><a href="#[19a]">_GetPixelIndex_CX</a>
 <LI><a href="#[19b]">_SetPixelIndex_CX</a>
 <LI><a href="#[19c]">_XorPixel_CX</a>
 <LI><a href="#[197]">_DrawHLine_CX</a>
 <LI><a href="#[198]">_DrawVLine_CX</a>
 <LI><a href="#[199]">_FillRect_CX</a>
 <LI><a href="#[196]">_DrawBitmap_CX</a>
 <LI><a href="#[c4]">_OnExit</a>
 <LI><a href="#[335]">_Link</a>
 <LI><a href="#[19d]">_GetCharCode</a>
 <LI><a href="#[19e]">_GetCharSize</a>
 <LI><a href="#[19f]">_CalcSizeOfChar</a>
 <LI><a href="#[1a0]">_Encode</a>
 <LI><a href="#[9]">_GetWordWrap</a>
 <LI><a href="#[a]">_GetCharWrap</a>
 <LI><a href="#[31e]">LCD_ReadRectEx</a>
 <LI><a href="#[2f0]">GUI_MEMDEV_CopyToLCDAt.part.0</a>
 <LI><a href="#[ee]">_cbInvalidateOne</a>
 <LI><a href="#[4a0]">_MoveDescendents</a>
 <LI><a href="#[e]">_GetBorderSize</a>
 <LI><a href="#[d]">_Create</a>
 <LI><a href="#[c]">_Paint</a>
 <LI><a href="#[1a8]">_DrawDownRect</a>
 <LI><a href="#[1a5]">_DrawUp</a>
 <LI><a href="#[1a6]">_DrawUpRect</a>
 <LI><a href="#[1a7]">_DrawDown</a>
 <LI><a href="#[1b3]">_GetDevData</a>
 <LI><a href="#[1b1]">_GetDevFunc</a>
 <LI><a href="#[1b2]">_GetDevProp</a>
 <LI><a href="#[1b0]">_SetOrg</a>
 <LI><a href="#[1b4]">_GetRect</a>
 <LI><a href="#[1a9]">_DrawBitmap</a>
 <LI><a href="#[1ad]">_GetPixelIndex</a>
 <LI><a href="#[1ae]">_SetPixelIndex</a>
 <LI><a href="#[1af]">_XorPixel</a>
 <LI><a href="#[1ac]">_FillRect</a>
 <LI><a href="#[1aa]">_DrawHLine</a>
 <LI><a href="#[1ab]">_DrawVLine</a>
 <LI><a href="#[1b5]">GUI_USAGE_BM_AddPixel</a>
 <LI><a href="#[1b9]">GUI_USAGE_BM_GetNextDirty</a>
 <LI><a href="#[1b8]">_GUI_USAGE_BM_Delete</a>
 <LI><a href="#[1b7]">GUI_USAGE_BM_Clear</a>
 <LI><a href="#[1b6]">GUI_USAGE_BM_AddHLine</a>
 <LI><a href="#[4a6]">_Screen2hWin</a>
 <LI><a href="#[11]">_Create</a>
 <LI><a href="#[f5]">_CalcPositions</a>
 <LI><a href="#[10]">_Paint</a>
 <LI><a href="#[e6]">_DrawGraspH</a>
 <LI><a href="#[e8]">_DrawGraspV</a>
 <LI><a href="#[4be]">_DrawFrame</a>
 <LI><a href="#[e7]">_DrawBackgroundH</a>
 <LI><a href="#[e9]">_DrawBackgroundV</a>
 <LI><a href="#[310]">_WriteToActiveAlpha</a>
</UL>
</UL>
<P>
<H3>
Mutually Recursive functions
</H3> <LI><a href="#[93]">ADC3_IRQHandler</a>&nbsp;&nbsp;&nbsp;&rArr;&nbsp;&nbsp;&nbsp;<a href="#[93]">ADC3_IRQHandler</a><BR>
 <LI><a href="#[222]">WM__SendMessage</a>&nbsp;&nbsp;&nbsp;&rArr;&nbsp;&nbsp;&nbsp;<a href="#[21c]">WM_DefaultProc</a><BR>
 <LI><a href="#[482]">WM__InvalidateRect</a>&nbsp;&nbsp;&nbsp;&rArr;&nbsp;&nbsp;&nbsp;<a href="#[482]">WM__InvalidateRect</a><BR>
 <LI><a href="#[49c]">WM_InvalidateWindowAndDescsEx</a>&nbsp;&nbsp;&nbsp;&rArr;&nbsp;&nbsp;&nbsp;<a href="#[49c]">WM_InvalidateWindowAndDescsEx</a><BR>
 <LI><a href="#[49a]">WM__InvalidateDrawAndDescs</a>&nbsp;&nbsp;&nbsp;&rArr;&nbsp;&nbsp;&nbsp;<a href="#[49a]">WM__InvalidateDrawAndDescs</a><BR>
 <LI><a href="#[4a0]">_MoveDescendents</a>&nbsp;&nbsp;&nbsp;&rArr;&nbsp;&nbsp;&nbsp;<a href="#[4a0]">_MoveDescendents</a><BR>
 <LI><a href="#[486]">WM__ForEachDesc</a>&nbsp;&nbsp;&nbsp;&rArr;&nbsp;&nbsp;&nbsp;<a href="#[486]">WM__ForEachDesc</a><BR>
 <LI><a href="#[4a2]">WM_ResizeWindow.part.11</a>&nbsp;&nbsp;&nbsp;&rArr;&nbsp;&nbsp;&nbsp;<a href="#[46f]">WM__UpdateChildPositions</a><BR>
 <LI><a href="#[2a3]">_EnlargeBlocks</a>&nbsp;&nbsp;&nbsp;&rArr;&nbsp;&nbsp;&nbsp;<a href="#[2a0]">_Alloc</a><BR>
 <LI><a href="#[4c4]">_Findy1</a>&nbsp;&nbsp;&nbsp;&rArr;&nbsp;&nbsp;&nbsp;<a href="#[4c4]">_Findy1</a><BR>
 <LI><a href="#[4c3]">_Findx0</a>&nbsp;&nbsp;&nbsp;&rArr;&nbsp;&nbsp;&nbsp;<a href="#[4c3]">_Findx0</a><BR>
 <LI><a href="#[4b2]">_Findx1</a>&nbsp;&nbsp;&nbsp;&rArr;&nbsp;&nbsp;&nbsp;<a href="#[4b2]">_Findx1</a><BR>
 <LI><a href="#[489]">_GetDialogItem.part.4</a>&nbsp;&nbsp;&nbsp;&rArr;&nbsp;&nbsp;&nbsp;<a href="#[489]">_GetDialogItem.part.4</a><BR>
 <LI><a href="#[4a6]">_Screen2hWin</a>&nbsp;&nbsp;&nbsp;&rArr;&nbsp;&nbsp;&nbsp;<a href="#[4a6]">_Screen2hWin</a><BR>
 <LI><a href="#[480]">WM_DeleteWindow.part.3</a>&nbsp;&nbsp;&nbsp;&rArr;&nbsp;&nbsp;&nbsp;<a href="#[480]">WM_DeleteWindow.part.3</a><BR>
 <LI><a href="#[4b4]">_PaintTransChildren</a>&nbsp;&nbsp;&nbsp;&rArr;&nbsp;&nbsp;&nbsp;<a href="#[4b4]">_PaintTransChildren</a><BR>
 <LI><a href="#[49b]">WM_InvalidateWindowAndDescs</a>&nbsp;&nbsp;&nbsp;&rArr;&nbsp;&nbsp;&nbsp;<a href="#[49b]">WM_InvalidateWindowAndDescs</a><BR>
</UL>
<P>
<H3>
Function Pointers
</H3><UL>
 <LI><a href="#[93]">ADC3_IRQHandler</a> from startup_stm32h743xx.o(.text) referenced from startup_stm32h743xx.o(RESET)
 <LI><a href="#[2e]">ADC_IRQHandler</a> from startup_stm32h743xx.o(.text) referenced from startup_stm32h743xx.o(RESET)
 <LI><a href="#[ac]">AppTaskCOM</a> from main.o(.text.AppTaskCOM) referenced 2 times from main.o(.text.AppTaskCreate)
 <LI><a href="#[ad]">AppTaskGUI</a> from main.o(.text.AppTaskGUI) referenced 2 times from main.o(.text.AppTaskCreate)
 <LI><a href="#[aa]">AppTaskMsgPro</a> from main.o(.text.AppTaskMsgPro) referenced 2 times from main.o(.text.AppTaskCreate)
 <LI><a href="#[10c]">AppTaskStart</a> from main.o(.text.AppTaskStart) referenced 2 times from main.o(.text.main)
 <LI><a href="#[ab]">AppTaskUserIF</a> from main.o(.text.AppTaskUserIF) referenced 2 times from main.o(.text.AppTaskCreate)
 <LI><a href="#[95]">BDMA_Channel0_IRQHandler</a> from startup_stm32h743xx.o(.text) referenced from startup_stm32h743xx.o(RESET)
 <LI><a href="#[96]">BDMA_Channel1_IRQHandler</a> from startup_stm32h743xx.o(.text) referenced from startup_stm32h743xx.o(RESET)
 <LI><a href="#[97]">BDMA_Channel2_IRQHandler</a> from startup_stm32h743xx.o(.text) referenced from startup_stm32h743xx.o(RESET)
 <LI><a href="#[98]">BDMA_Channel3_IRQHandler</a> from startup_stm32h743xx.o(.text) referenced from startup_stm32h743xx.o(RESET)
 <LI><a href="#[99]">BDMA_Channel4_IRQHandler</a> from startup_stm32h743xx.o(.text) referenced from startup_stm32h743xx.o(RESET)
 <LI><a href="#[9a]">BDMA_Channel5_IRQHandler</a> from startup_stm32h743xx.o(.text) referenced from startup_stm32h743xx.o(RESET)
 <LI><a href="#[9b]">BDMA_Channel6_IRQHandler</a> from startup_stm32h743xx.o(.text) referenced from startup_stm32h743xx.o(RESET)
 <LI><a href="#[9c]">BDMA_Channel7_IRQHandler</a> from startup_stm32h743xx.o(.text) referenced from startup_stm32h743xx.o(RESET)
 <LI><a href="#[16]">BusFault_Handler</a> from stm32h7xx_it.o(.text.BusFault_Handler) referenced from startup_stm32h743xx.o(RESET)
 <LI><a href="#[74]">CEC_IRQHandler</a> from startup_stm32h743xx.o(.text) referenced from startup_stm32h743xx.o(RESET)
 <LI><a href="#[9d]">COMP1_IRQHandler</a> from startup_stm32h743xx.o(.text) referenced from startup_stm32h743xx.o(RESET)
 <LI><a href="#[a3]">CRS_IRQHandler</a> from startup_stm32h743xx.o(.text) referenced from startup_stm32h743xx.o(RESET)
 <LI><a href="#[65]">DCMI_IRQHandler</a> from startup_stm32h743xx.o(.text) referenced from startup_stm32h743xx.o(RESET)
 <LI><a href="#[84]">DFSDM1_FLT0_IRQHandler</a> from startup_stm32h743xx.o(.text) referenced from startup_stm32h743xx.o(RESET)
 <LI><a href="#[85]">DFSDM1_FLT1_IRQHandler</a> from startup_stm32h743xx.o(.text) referenced from startup_stm32h743xx.o(RESET)
 <LI><a href="#[86]">DFSDM1_FLT2_IRQHandler</a> from startup_stm32h743xx.o(.text) referenced from startup_stm32h743xx.o(RESET)
 <LI><a href="#[87]">DFSDM1_FLT3_IRQHandler</a> from startup_stm32h743xx.o(.text) referenced from startup_stm32h743xx.o(RESET)
 <LI><a href="#[27]">DMA1_Stream0_IRQHandler</a> from startup_stm32h743xx.o(.text) referenced from startup_stm32h743xx.o(RESET)
 <LI><a href="#[28]">DMA1_Stream1_IRQHandler</a> from startup_stm32h743xx.o(.text) referenced from startup_stm32h743xx.o(RESET)
 <LI><a href="#[29]">DMA1_Stream2_IRQHandler</a> from startup_stm32h743xx.o(.text) referenced from startup_stm32h743xx.o(RESET)
 <LI><a href="#[2a]">DMA1_Stream3_IRQHandler</a> from startup_stm32h743xx.o(.text) referenced from startup_stm32h743xx.o(RESET)
 <LI><a href="#[2b]">DMA1_Stream4_IRQHandler</a> from startup_stm32h743xx.o(.text) referenced from startup_stm32h743xx.o(RESET)
 <LI><a href="#[2c]">DMA1_Stream5_IRQHandler</a> from startup_stm32h743xx.o(.text) referenced from startup_stm32h743xx.o(RESET)
 <LI><a href="#[2d]">DMA1_Stream6_IRQHandler</a> from startup_stm32h743xx.o(.text) referenced from startup_stm32h743xx.o(RESET)
 <LI><a href="#[4a]">DMA1_Stream7_IRQHandler</a> from startup_stm32h743xx.o(.text) referenced from startup_stm32h743xx.o(RESET)
 <LI><a href="#[70]">DMA2D_IRQHandler</a> from startup_stm32h743xx.o(.text) referenced from startup_stm32h743xx.o(RESET)
 <LI><a href="#[53]">DMA2_Stream0_IRQHandler</a> from startup_stm32h743xx.o(.text) referenced from startup_stm32h743xx.o(RESET)
 <LI><a href="#[54]">DMA2_Stream1_IRQHandler</a> from startup_stm32h743xx.o(.text) referenced from startup_stm32h743xx.o(RESET)
 <LI><a href="#[55]">DMA2_Stream2_IRQHandler</a> from startup_stm32h743xx.o(.text) referenced from startup_stm32h743xx.o(RESET)
 <LI><a href="#[56]">DMA2_Stream3_IRQHandler</a> from startup_stm32h743xx.o(.text) referenced from startup_stm32h743xx.o(RESET)
 <LI><a href="#[57]">DMA2_Stream4_IRQHandler</a> from startup_stm32h743xx.o(.text) referenced from startup_stm32h743xx.o(RESET)
 <LI><a href="#[5b]">DMA2_Stream5_IRQHandler</a> from startup_stm32h743xx.o(.text) referenced from startup_stm32h743xx.o(RESET)
 <LI><a href="#[5c]">DMA2_Stream6_IRQHandler</a> from startup_stm32h743xx.o(.text) referenced from startup_stm32h743xx.o(RESET)
 <LI><a href="#[5d]">DMA2_Stream7_IRQHandler</a> from startup_stm32h743xx.o(.text) referenced from startup_stm32h743xx.o(RESET)
 <LI><a href="#[7c]">DMAMUX1_OVR_IRQHandler</a> from startup_stm32h743xx.o(.text) referenced from startup_stm32h743xx.o(RESET)
 <LI><a href="#[94]">DMAMUX2_OVR_IRQHandler</a> from startup_stm32h743xx.o(.text) referenced from startup_stm32h743xx.o(RESET)
 <LI><a href="#[19]">DebugMon_Handler</a> from stm32h7xx_it.o(.text.DebugMon_Handler) referenced from startup_stm32h743xx.o(RESET)
 <LI><a href="#[a4]">ECC_IRQHandler</a> from startup_stm32h743xx.o(.text) referenced from startup_stm32h743xx.o(RESET)
 <LI><a href="#[58]">ETH_IRQHandler</a> from startup_stm32h743xx.o(.text) referenced from startup_stm32h743xx.o(RESET)
 <LI><a href="#[59]">ETH_WKUP_IRQHandler</a> from startup_stm32h743xx.o(.text) referenced from startup_stm32h743xx.o(RESET)
 <LI><a href="#[22]">EXTI0_IRQHandler</a> from startup_stm32h743xx.o(.text) referenced from startup_stm32h743xx.o(RESET)
 <LI><a href="#[44]">EXTI15_10_IRQHandler</a> from startup_stm32h743xx.o(.text) referenced from startup_stm32h743xx.o(RESET)
 <LI><a href="#[23]">EXTI1_IRQHandler</a> from startup_stm32h743xx.o(.text) referenced from startup_stm32h743xx.o(RESET)
 <LI><a href="#[24]">EXTI2_IRQHandler</a> from ad7124.o(.text.EXTI2_IRQHandler) referenced from startup_stm32h743xx.o(RESET)
 <LI><a href="#[25]">EXTI3_IRQHandler</a> from startup_stm32h743xx.o(.text) referenced from startup_stm32h743xx.o(RESET)
 <LI><a href="#[26]">EXTI4_IRQHandler</a> from startup_stm32h743xx.o(.text) referenced from startup_stm32h743xx.o(RESET)
 <LI><a href="#[33]">EXTI9_5_IRQHandler</a> from startup_stm32h743xx.o(.text) referenced from startup_stm32h743xx.o(RESET)
 <LI><a href="#[2f]">FDCAN1_IT0_IRQHandler</a> from startup_stm32h743xx.o(.text) referenced from startup_stm32h743xx.o(RESET)
 <LI><a href="#[31]">FDCAN1_IT1_IRQHandler</a> from startup_stm32h743xx.o(.text) referenced from startup_stm32h743xx.o(RESET)
 <LI><a href="#[30]">FDCAN2_IT0_IRQHandler</a> from startup_stm32h743xx.o(.text) referenced from startup_stm32h743xx.o(RESET)
 <LI><a href="#[32]">FDCAN2_IT1_IRQHandler</a> from startup_stm32h743xx.o(.text) referenced from startup_stm32h743xx.o(RESET)
 <LI><a href="#[5a]">FDCAN_CAL_IRQHandler</a> from startup_stm32h743xx.o(.text) referenced from startup_stm32h743xx.o(RESET)
 <LI><a href="#[20]">FLASH_IRQHandler</a> from startup_stm32h743xx.o(.text) referenced from startup_stm32h743xx.o(RESET)
 <LI><a href="#[4b]">FMC_IRQHandler</a> from startup_stm32h743xx.o(.text) referenced from startup_stm32h743xx.o(RESET)
 <LI><a href="#[67]">FPU_IRQHandler</a> from startup_stm32h743xx.o(.text) referenced from startup_stm32h743xx.o(RESET)
 <LI><a href="#[af]">FRAMEWIN_Callback</a> from FRAMEWIN.o(.text.FRAMEWIN_Callback) referenced from FRAMEWIN.o(.text.FRAMEWIN_CreateIndirect)
 <LI><a href="#[1bd]">FRAMEWIN_CreateIndirect</a> from FRAMEWIN.o(.text.FRAMEWIN_CreateIndirect) referenced from maintask.o(.rodata._aDialogCreateInfo)
 <LI><a href="#[5]">FRAMEWIN_DrawSkinFlex</a> from FRAMEWIN_SkinFlex.o(.text.FRAMEWIN_DrawSkinFlex) referenced 4 times from FRAMEWIN.o(.data)
 <LI><a href="#[4]">FRAMEWIN__GetBorderSize</a> from FRAMEWIN.o(.text.FRAMEWIN__GetBorderSize) referenced 2 times from FRAMEWIN.o(.data)
 <LI><a href="#[b0]">FRAMEWIN__cbClient</a> from FRAMEWIN.o(.text.FRAMEWIN__cbClient) referenced from FRAMEWIN.o(.text.FRAMEWIN_CreateIndirect)
 <LI><a href="#[b1]">GRAPH_Callback</a> from GRAPH.o(.text.GRAPH_Callback) referenced from GRAPH.o(.text.GRAPH_CreateIndirect)
 <LI><a href="#[1bb]">GRAPH_CreateIndirect</a> from GRAPH.o(.text.GRAPH_CreateIndirect) referenced from maintask.o(.rodata._aDialogCreate)
 <LI><a href="#[1a1]">GUIMONO_DispChar</a> from GUI_CharM.o(.text.GUIMONO_DispChar) referenced 2 times from F6x8.o(.rodata)
 <LI><a href="#[1a2]">GUIMONO_GetCharDistX</a> from GUI_CharM.o(.text.GUIMONO_GetCharDistX) referenced 2 times from F6x8.o(.rodata)
 <LI><a href="#[1a3]">GUIMONO_GetFontInfo</a> from GUI_CharM.o(.text.GUIMONO_GetFontInfo) referenced 2 times from F6x8.o(.rodata)
 <LI><a href="#[1a4]">GUIMONO_IsInFont</a> from GUI_CharM.o(.text.GUIMONO_IsInFont) referenced 2 times from F6x8.o(.rodata)
 <LI><a href="#[158]">GUIPROP_DispChar</a> from GUI_CharP.o(.text.GUIPROP_DispChar) referenced 6 times from F13B_ASCII.o(.rodata)
 <LI><a href="#[158]">GUIPROP_DispChar</a> from GUI_CharP.o(.text.GUIPROP_DispChar) referenced from fontspecialchar.o(.rodata.GUI_FontFontSpecialChar)
 <LI><a href="#[158]">GUIPROP_DispChar</a> from GUI_CharP.o(.text.GUIPROP_DispChar) referenced from yahei.o(.rodata.GUI_FontYahei)
 <LI><a href="#[159]">GUIPROP_GetCharDistX</a> from GUI_CharP.o(.text.GUIPROP_GetCharDistX) referenced 6 times from F13B_ASCII.o(.rodata)
 <LI><a href="#[159]">GUIPROP_GetCharDistX</a> from GUI_CharP.o(.text.GUIPROP_GetCharDistX) referenced from fontspecialchar.o(.rodata.GUI_FontFontSpecialChar)
 <LI><a href="#[159]">GUIPROP_GetCharDistX</a> from GUI_CharP.o(.text.GUIPROP_GetCharDistX) referenced from yahei.o(.rodata.GUI_FontYahei)
 <LI><a href="#[15a]">GUIPROP_GetFontInfo</a> from GUI_CharP.o(.text.GUIPROP_GetFontInfo) referenced 6 times from F13B_ASCII.o(.rodata)
 <LI><a href="#[15a]">GUIPROP_GetFontInfo</a> from GUI_CharP.o(.text.GUIPROP_GetFontInfo) referenced from fontspecialchar.o(.rodata.GUI_FontFontSpecialChar)
 <LI><a href="#[15a]">GUIPROP_GetFontInfo</a> from GUI_CharP.o(.text.GUIPROP_GetFontInfo) referenced from yahei.o(.rodata.GUI_FontYahei)
 <LI><a href="#[15b]">GUIPROP_IsInFont</a> from GUI_CharP.o(.text.GUIPROP_IsInFont) referenced 6 times from F13B_ASCII.o(.rodata)
 <LI><a href="#[15b]">GUIPROP_IsInFont</a> from GUI_CharP.o(.text.GUIPROP_IsInFont) referenced from fontspecialchar.o(.rodata.GUI_FontFontSpecialChar)
 <LI><a href="#[15b]">GUIPROP_IsInFont</a> from GUI_CharP.o(.text.GUIPROP_IsInFont) referenced from yahei.o(.rodata.GUI_FontYahei)
 <LI><a href="#[eb]">GUI_DrawGradientH</a> from GUI_DrawGradient.o(.text.GUI_DrawGradientH) referenced from SCROLLBAR_SkinFlex.o(.text.SCROLLBAR_DrawSkinFlex)
 <LI><a href="#[ea]">GUI_DrawGradientV</a> from GUI_DrawGradient.o(.text.GUI_DrawGradientV) referenced from SCROLLBAR_SkinFlex.o(.text.SCROLLBAR_DrawSkinFlex)
 <LI><a href="#[f3]">GUI_MEMDEV_Paint1Static</a> from GUIDEV_StaticDevices.o(.text.GUI_MEMDEV_Paint1Static) referenced from WM.o(.text.WM__PaintWinAndOverlays)
 <LI><a href="#[f3]">GUI_MEMDEV_Paint1Static</a> from GUIDEV_StaticDevices.o(.text.GUI_MEMDEV_Paint1Static) referenced from WM.o(.text._Paint1Trans)
 <LI><a href="#[10b]">GUI_MEMDEV__WriteToActiveAlpha</a> from GUIDEV_WriteToActiveAlpha.o(.text.GUI_MEMDEV__WriteToActiveAlpha) referenced from GUIDEV_32.o(.text._GetDevFunc)
 <LI><a href="#[10a]">GUI_MEMDEV__WriteToActiveOpaque</a> from GUIDEV_WriteToActiveOpaque.o(.text.GUI_MEMDEV__WriteToActiveOpaque) referenced from GUIDEV_16.o(.text._GetDevFunc)
 <LI><a href="#[c3]">GUI_TIMER_Exec</a> from GUI_Timer.o(.text.GUI_TIMER_Exec) referenced from GUI_Timer.o(.text.GUI_TIMER_Create)
 <LI><a href="#[1b6]">GUI_USAGE_BM_AddHLine</a> from GUIDEV_UsageBM.o(.text.GUI_USAGE_BM_AddHLine) referenced from GUIDEV_UsageBM.o(.rodata)
 <LI><a href="#[1b5]">GUI_USAGE_BM_AddPixel</a> from GUIDEV_UsageBM.o(.text.GUI_USAGE_BM_AddPixel) referenced from GUIDEV_UsageBM.o(.rodata)
 <LI><a href="#[1b7]">GUI_USAGE_BM_Clear</a> from GUIDEV_UsageBM.o(.text.GUI_USAGE_BM_Clear) referenced from GUIDEV_UsageBM.o(.rodata)
 <LI><a href="#[1b9]">GUI_USAGE_BM_GetNextDirty</a> from GUIDEV_UsageBM.o(.text.GUI_USAGE_BM_GetNextDirty) referenced from GUIDEV_UsageBM.o(.rodata)
 <LI><a href="#[2]">GUI__MixColors</a> from GUI__Alpha.o(.text.GUI__MixColors) referenced 2 times from GUI__Alpha.o(.data)
 <LI><a href="#[3]">GUI__MixColorsBulk</a> from GUI__Alpha.o(.text.GUI__MixColorsBulk) referenced 2 times from GUI__Alpha.o(.data)
 <LI><a href="#[83]">HRTIM1_FLT_IRQHandler</a> from startup_stm32h743xx.o(.text) referenced from startup_stm32h743xx.o(RESET)
 <LI><a href="#[7d]">HRTIM1_Master_IRQHandler</a> from startup_stm32h743xx.o(.text) referenced from startup_stm32h743xx.o(RESET)
 <LI><a href="#[7e]">HRTIM1_TIMA_IRQHandler</a> from startup_stm32h743xx.o(.text) referenced from startup_stm32h743xx.o(RESET)
 <LI><a href="#[7f]">HRTIM1_TIMB_IRQHandler</a> from startup_stm32h743xx.o(.text) referenced from startup_stm32h743xx.o(RESET)
 <LI><a href="#[80]">HRTIM1_TIMC_IRQHandler</a> from startup_stm32h743xx.o(.text) referenced from startup_stm32h743xx.o(RESET)
 <LI><a href="#[81]">HRTIM1_TIMD_IRQHandler</a> from startup_stm32h743xx.o(.text) referenced from startup_stm32h743xx.o(RESET)
 <LI><a href="#[82]">HRTIM1_TIME_IRQHandler</a> from startup_stm32h743xx.o(.text) referenced from startup_stm32h743xx.o(RESET)
 <LI><a href="#[92]">HSEM1_IRQHandler</a> from startup_stm32h743xx.o(.text) referenced from startup_stm32h743xx.o(RESET)
 <LI><a href="#[14]">HardFault_Handler</a> from hardfaulthandler.o(OSKERNEL) referenced from startup_stm32h743xx.o(RESET)
 <LI><a href="#[3c]">I2C1_ER_IRQHandler</a> from startup_stm32h743xx.o(.text) referenced from startup_stm32h743xx.o(RESET)
 <LI><a href="#[3b]">I2C1_EV_IRQHandler</a> from startup_stm32h743xx.o(.text) referenced from startup_stm32h743xx.o(RESET)
 <LI><a href="#[3e]">I2C2_ER_IRQHandler</a> from startup_stm32h743xx.o(.text) referenced from startup_stm32h743xx.o(RESET)
 <LI><a href="#[3d]">I2C2_EV_IRQHandler</a> from startup_stm32h743xx.o(.text) referenced from startup_stm32h743xx.o(RESET)
 <LI><a href="#[60]">I2C3_ER_IRQHandler</a> from startup_stm32h743xx.o(.text) referenced from startup_stm32h743xx.o(RESET)
 <LI><a href="#[5f]">I2C3_EV_IRQHandler</a> from startup_stm32h743xx.o(.text) referenced from startup_stm32h743xx.o(RESET)
 <LI><a href="#[76]">I2C4_ER_IRQHandler</a> from startup_stm32h743xx.o(.text) referenced from startup_stm32h743xx.o(RESET)
 <LI><a href="#[75]">I2C4_EV_IRQHandler</a> from startup_stm32h743xx.o(.text) referenced from startup_stm32h743xx.o(RESET)
 <LI><a href="#[8f]">JPEG_IRQHandler</a> from decode_dma.o(.text.JPEG_IRQHandler) referenced from startup_stm32h743xx.o(RESET)
 <LI><a href="#[b]">LCD_AA_MixColors16</a> from LCD_AA.o(.text.LCD_AA_MixColors16) referenced 2 times from LCD_AA.o(.data)
 <LI><a href="#[115]">LCD_Color2Index_8666</a> from GUICC_8666.o(.text.LCD_Color2Index_8666) referenced from GUICC_8666.o(.rodata)
 <LI><a href="#[134]">LCD_DrawHLine</a> from LCD.o(.text.LCD_DrawHLine) referenced from GUI_Core.o(.rodata)
 <LI><a href="#[135]">LCD_DrawPixel</a> from LCD.o(.text.LCD_DrawPixel) referenced from GUI_Core.o(.rodata)
 <LI><a href="#[0]">LCD_GetpPalConvTableBM</a> from LCD_Color.o(.text.LCD_GetpPalConvTableBM) referenced 2 times from GUI_Core.o(.data)
 <LI><a href="#[116]">LCD_Index2Color_8666</a> from GUICC_8666.o(.text.LCD_Index2Color_8666) referenced from GUICC_8666.o(.rodata)
 <LI><a href="#[f6]">LCD_Index2Color_8888</a> from GUICC_8888_Index2Color.o(.text.LCD_Index2Color_8888) referenced from GUI_DrawBitmap_8888.o(.rodata)
 <LI><a href="#[f6]">LCD_Index2Color_8888</a> from GUICC_8888_Index2Color.o(.text.LCD_Index2Color_8888) referenced from GUI_DrawBitmap_8888.o(.text._DrawBitmap_8888)
 <LI><a href="#[12c]">LCD_Index2Color_M565</a> from GUICC_M565.o(.text.LCD_Index2Color_M565) referenced from GUICC_M565.o(.rodata)
 <LI><a href="#[c7]">LCD_Index2Color_M888</a> from GUICC_M888_Index2Color.o(.text.LCD_Index2Color_M888) referenced from GUICC_M888.o(.rodata)
 <LI><a href="#[c7]">LCD_Index2Color_M888</a> from GUICC_M888_Index2Color.o(.text.LCD_Index2Color_M888) referenced from GUI__Alpha.o(.text.GUI__DoAlphaBlending)
 <LI><a href="#[c8]">LCD_Index2Color_M8888I</a> from GUICC_M8888I_Index2Color.o(.text.LCD_Index2Color_M8888I) referenced 2 times from GUICC_M8888I.o(.rodata)
 <LI><a href="#[c8]">LCD_Index2Color_M8888I</a> from GUICC_M8888I_Index2Color.o(.text.LCD_Index2Color_M8888I) referenced from GUI__Alpha.o(.text.GUI__DoAlphaBlending)
 <LI><a href="#[c8]">LCD_Index2Color_M8888I</a> from GUICC_M8888I_Index2Color.o(.text.LCD_Index2Color_M8888I) referenced from GUI_DrawBitmap_8888.o(.text._DrawBitmap_M8888I)
 <LI><a href="#[c8]">LCD_Index2Color_M8888I</a> from GUICC_M8888I_Index2Color.o(.text.LCD_Index2Color_M8888I) referenced from GUIDEV_WriteToActiveAlpha.o(.text._WriteToActiveAlpha)
 <LI><a href="#[f7]">LCD_SetPixelAA4_Trans</a> from LCD_AA.o(.text.LCD_SetPixelAA4_Trans) referenced from GUIAA_Lib.o(.text._FlushLine)
 <LI><a href="#[73]">LPTIM1_IRQHandler</a> from startup_stm32h743xx.o(.text) referenced from startup_stm32h743xx.o(RESET)
 <LI><a href="#[9e]">LPTIM2_IRQHandler</a> from startup_stm32h743xx.o(.text) referenced from startup_stm32h743xx.o(RESET)
 <LI><a href="#[9f]">LPTIM3_IRQHandler</a> from startup_stm32h743xx.o(.text) referenced from startup_stm32h743xx.o(RESET)
 <LI><a href="#[a0]">LPTIM4_IRQHandler</a> from startup_stm32h743xx.o(.text) referenced from startup_stm32h743xx.o(RESET)
 <LI><a href="#[a1]">LPTIM5_IRQHandler</a> from startup_stm32h743xx.o(.text) referenced from startup_stm32h743xx.o(RESET)
 <LI><a href="#[a2]">LPUART1_IRQHandler</a> from startup_stm32h743xx.o(.text) referenced from startup_stm32h743xx.o(RESET)
 <LI><a href="#[6f]">LTDC_ER_IRQHandler</a> from startup_stm32h743xx.o(.text) referenced from startup_stm32h743xx.o(RESET)
 <LI><a href="#[6e]">LTDC_IRQHandler</a> from lcdconf_lin_template.o(.text.LTDC_IRQHandler) referenced from startup_stm32h743xx.o(RESET)
 <LI><a href="#[8e]">MDIOS_IRQHandler</a> from startup_stm32h743xx.o(.text) referenced from startup_stm32h743xx.o(RESET)
 <LI><a href="#[8d]">MDIOS_WKUP_IRQHandler</a> from startup_stm32h743xx.o(.text) referenced from startup_stm32h743xx.o(RESET)
 <LI><a href="#[90]">MDMA_IRQHandler</a> from decode_dma.o(.text.MDMA_IRQHandler) referenced from startup_stm32h743xx.o(RESET)
 <LI><a href="#[15]">MemManage_Handler</a> from stm32h7xx_it.o(.text.MemManage_Handler) referenced from startup_stm32h743xx.o(RESET)
 <LI><a href="#[13]">NMI_Handler</a> from stm32h7xx_it.o(.text.NMI_Handler) referenced from startup_stm32h743xx.o(RESET)
 <LI><a href="#[e2]">OS_IdleTask</a> from os_core.o(.text.OS_IdleTask) referenced 2 times from os_core.o(.text.OS_IdleTaskInit)
 <LI><a href="#[e3]">OS_StatTask</a> from os_stat.o(.text.OS_StatTask) referenced 2 times from os_stat.o(.text.OS_StatTaskInit)
 <LI><a href="#[e1]">OS_TaskReturn</a> from os_task.o(.text.OS_TaskReturn) referenced 2 times from os_cpu_c.o(.text.OSTaskStkInit)
 <LI><a href="#[e4]">OS_TmrTask</a> from os_tmr.o(.text.OS_TmrTask) referenced 2 times from os_tmr.o(.text.OS_TmrInit)
 <LI><a href="#[79]">OTG_FS_EP1_IN_IRQHandler</a> from startup_stm32h743xx.o(.text) referenced from startup_stm32h743xx.o(RESET)
 <LI><a href="#[78]">OTG_FS_EP1_OUT_IRQHandler</a> from startup_stm32h743xx.o(.text) referenced from startup_stm32h743xx.o(RESET)
 <LI><a href="#[7b]">OTG_FS_IRQHandler</a> from startup_stm32h743xx.o(.text) referenced from startup_stm32h743xx.o(RESET)
 <LI><a href="#[7a]">OTG_FS_WKUP_IRQHandler</a> from startup_stm32h743xx.o(.text) referenced from startup_stm32h743xx.o(RESET)
 <LI><a href="#[62]">OTG_HS_EP1_IN_IRQHandler</a> from startup_stm32h743xx.o(.text) referenced from startup_stm32h743xx.o(RESET)
 <LI><a href="#[61]">OTG_HS_EP1_OUT_IRQHandler</a> from startup_stm32h743xx.o(.text) referenced from startup_stm32h743xx.o(RESET)
 <LI><a href="#[64]">OTG_HS_IRQHandler</a> from startup_stm32h743xx.o(.text) referenced from startup_stm32h743xx.o(RESET)
 <LI><a href="#[63]">OTG_HS_WKUP_IRQHandler</a> from startup_stm32h743xx.o(.text) referenced from startup_stm32h743xx.o(RESET)
 <LI><a href="#[1d]">PVD_AVD_IRQHandler</a> from startup_stm32h743xx.o(.text) referenced from startup_stm32h743xx.o(RESET)
 <LI><a href="#[1a]">PendSV_Handler</a> from os_cpu_isr.o(CODE) referenced from startup_stm32h743xx.o(RESET)
 <LI><a href="#[72]">QUADSPI_IRQHandler</a> from startup_stm32h743xx.o(.text) referenced from startup_stm32h743xx.o(RESET)
 <LI><a href="#[21]">RCC_IRQHandler</a> from startup_stm32h743xx.o(.text) referenced from startup_stm32h743xx.o(RESET)
 <LI><a href="#[66]">RNG_IRQHandler</a> from startup_stm32h743xx.o(.text) referenced from startup_stm32h743xx.o(RESET)
 <LI><a href="#[45]">RTC_Alarm_IRQHandler</a> from startup_stm32h743xx.o(.text) referenced from startup_stm32h743xx.o(RESET)
 <LI><a href="#[1f]">RTC_WKUP_IRQHandler</a> from startup_stm32h743xx.o(.text) referenced from startup_stm32h743xx.o(RESET)
 <LI><a href="#[12]">Reset_Handler</a> from startup_stm32h743xx.o(.text) referenced from startup_stm32h743xx.o(RESET)
 <LI><a href="#[6d]">SAI1_IRQHandler</a> from startup_stm32h743xx.o(.text) referenced from startup_stm32h743xx.o(RESET)
 <LI><a href="#[71]">SAI2_IRQHandler</a> from startup_stm32h743xx.o(.text) referenced from startup_stm32h743xx.o(RESET)
 <LI><a href="#[88]">SAI3_IRQHandler</a> from startup_stm32h743xx.o(.text) referenced from startup_stm32h743xx.o(RESET)
 <LI><a href="#[a5]">SAI4_IRQHandler</a> from startup_stm32h743xx.o(.text) referenced from startup_stm32h743xx.o(RESET)
 <LI><a href="#[e5]">SCROLLBAR_Callback</a> from SCROLLBAR.o(.text.SCROLLBAR_Callback) referenced from SCROLLBAR.o(.text.SCROLLBAR_CreateAttached)
 <LI><a href="#[f]">SCROLLBAR_DrawSkinFlex</a> from SCROLLBAR_SkinFlex.o(.text.SCROLLBAR_DrawSkinFlex) referenced 2 times from SCROLLBAR.o(.data)
 <LI><a href="#[4c]">SDMMC1_IRQHandler</a> from startup_stm32h743xx.o(.text) referenced from startup_stm32h743xx.o(RESET)
 <LI><a href="#[91]">SDMMC2_IRQHandler</a> from startup_stm32h743xx.o(.text) referenced from startup_stm32h743xx.o(RESET)
 <LI><a href="#[77]">SPDIF_RX_IRQHandler</a> from startup_stm32h743xx.o(.text) referenced from startup_stm32h743xx.o(RESET)
 <LI><a href="#[3f]">SPI1_IRQHandler</a> from startup_stm32h743xx.o(.text) referenced from startup_stm32h743xx.o(RESET)
 <LI><a href="#[40]">SPI2_IRQHandler</a> from startup_stm32h743xx.o(.text) referenced from startup_stm32h743xx.o(RESET)
 <LI><a href="#[4e]">SPI3_IRQHandler</a> from startup_stm32h743xx.o(.text) referenced from startup_stm32h743xx.o(RESET)
 <LI><a href="#[6a]">SPI4_IRQHandler</a> from startup_stm32h743xx.o(.text) referenced from startup_stm32h743xx.o(RESET)
 <LI><a href="#[6b]">SPI5_IRQHandler</a> from startup_stm32h743xx.o(.text) referenced from startup_stm32h743xx.o(RESET)
 <LI><a href="#[6c]">SPI6_IRQHandler</a> from startup_stm32h743xx.o(.text) referenced from startup_stm32h743xx.o(RESET)
 <LI><a href="#[18]">SVC_Handler</a> from stm32h7xx_it.o(.text.SVC_Handler) referenced from startup_stm32h743xx.o(RESET)
 <LI><a href="#[89]">SWPMI1_IRQHandler</a> from startup_stm32h743xx.o(.text) referenced from startup_stm32h743xx.o(RESET)
 <LI><a href="#[1b]">SysTick_Handler</a> from os_cpu_isr.o(CODE) referenced from startup_stm32h743xx.o(RESET)
 <LI><a href="#[a8]">SystemInit</a> from system_stm32h7xx.o(.text.SystemInit) referenced from startup_stm32h743xx.o(.text)
 <LI><a href="#[1e]">TAMP_STAMP_IRQHandler</a> from startup_stm32h743xx.o(.text) referenced from startup_stm32h743xx.o(RESET)
 <LI><a href="#[ec]">TEXT_Callback</a> from TEXT.o(.text.TEXT_Callback) referenced from TEXT.o(.text.TEXT_CreateIndirect)
 <LI><a href="#[1bc]">TEXT_CreateIndirect</a> from TEXT.o(.text.TEXT_CreateIndirect) referenced 15 times from maintask.o(.rodata._aDialogCreate)
 <LI><a href="#[1bc]">TEXT_CreateIndirect</a> from TEXT.o(.text.TEXT_CreateIndirect) referenced 4 times from maintask.o(.rodata._aDialogCreateInfo)
 <LI><a href="#[8a]">TIM15_IRQHandler</a> from startup_stm32h743xx.o(.text) referenced from startup_stm32h743xx.o(RESET)
 <LI><a href="#[8b]">TIM16_IRQHandler</a> from startup_stm32h743xx.o(.text) referenced from startup_stm32h743xx.o(RESET)
 <LI><a href="#[8c]">TIM17_IRQHandler</a> from startup_stm32h743xx.o(.text) referenced from startup_stm32h743xx.o(RESET)
 <LI><a href="#[34]">TIM1_BRK_IRQHandler</a> from startup_stm32h743xx.o(.text) referenced from startup_stm32h743xx.o(RESET)
 <LI><a href="#[37]">TIM1_CC_IRQHandler</a> from startup_stm32h743xx.o(.text) referenced from startup_stm32h743xx.o(RESET)
 <LI><a href="#[36]">TIM1_TRG_COM_IRQHandler</a> from startup_stm32h743xx.o(.text) referenced from startup_stm32h743xx.o(RESET)
 <LI><a href="#[35]">TIM1_UP_IRQHandler</a> from startup_stm32h743xx.o(.text) referenced from startup_stm32h743xx.o(RESET)
 <LI><a href="#[38]">TIM2_IRQHandler</a> from bsp_timer.o(.text.TIM2_IRQHandler) referenced from startup_stm32h743xx.o(RESET)
 <LI><a href="#[39]">TIM3_IRQHandler</a> from startup_stm32h743xx.o(.text) referenced from startup_stm32h743xx.o(RESET)
 <LI><a href="#[3a]">TIM4_IRQHandler</a> from startup_stm32h743xx.o(.text) referenced from startup_stm32h743xx.o(RESET)
 <LI><a href="#[4d]">TIM5_IRQHandler</a> from startup_stm32h743xx.o(.text) referenced from startup_stm32h743xx.o(RESET)
 <LI><a href="#[51]">TIM6_DAC_IRQHandler</a> from startup_stm32h743xx.o(.text) referenced from startup_stm32h743xx.o(RESET)
 <LI><a href="#[52]">TIM7_IRQHandler</a> from startup_stm32h743xx.o(.text) referenced from startup_stm32h743xx.o(RESET)
 <LI><a href="#[46]">TIM8_BRK_TIM12_IRQHandler</a> from startup_stm32h743xx.o(.text) referenced from startup_stm32h743xx.o(RESET)
 <LI><a href="#[49]">TIM8_CC_IRQHandler</a> from startup_stm32h743xx.o(.text) referenced from startup_stm32h743xx.o(RESET)
 <LI><a href="#[48]">TIM8_TRG_COM_TIM14_IRQHandler</a> from startup_stm32h743xx.o(.text) referenced from startup_stm32h743xx.o(RESET)
 <LI><a href="#[47]">TIM8_UP_TIM13_IRQHandler</a> from startup_stm32h743xx.o(.text) referenced from startup_stm32h743xx.o(RESET)
 <LI><a href="#[4f]">UART4_IRQHandler</a> from startup_stm32h743xx.o(.text) referenced from startup_stm32h743xx.o(RESET)
 <LI><a href="#[50]">UART5_IRQHandler</a> from startup_stm32h743xx.o(.text) referenced from startup_stm32h743xx.o(RESET)
 <LI><a href="#[68]">UART7_IRQHandler</a> from startup_stm32h743xx.o(.text) referenced from startup_stm32h743xx.o(RESET)
 <LI><a href="#[69]">UART8_IRQHandler</a> from startup_stm32h743xx.o(.text) referenced from startup_stm32h743xx.o(RESET)
 <LI><a href="#[41]">USART1_IRQHandler</a> from startup_stm32h743xx.o(.text) referenced from startup_stm32h743xx.o(RESET)
 <LI><a href="#[42]">USART2_IRQHandler</a> from bsp_uart_fifo.o(.text.USART2_IRQHandler) referenced from startup_stm32h743xx.o(RESET)
 <LI><a href="#[43]">USART3_IRQHandler</a> from startup_stm32h743xx.o(.text) referenced from startup_stm32h743xx.o(RESET)
 <LI><a href="#[5e]">USART6_IRQHandler</a> from startup_stm32h743xx.o(.text) referenced from startup_stm32h743xx.o(RESET)
 <LI><a href="#[17]">UsageFault_Handler</a> from stm32h7xx_it.o(.text.UsageFault_Handler) referenced from startup_stm32h743xx.o(RESET)
 <LI><a href="#[a6]">WAKEUP_PIN_IRQHandler</a> from startup_stm32h743xx.o(.text) referenced from startup_stm32h743xx.o(RESET)
 <LI><a href="#[ed]">WINDOW_Callback</a> from WINDOW.o(.text.WINDOW_Callback) referenced from WINDOW.o(.text.WINDOW_CreateIndirect)
 <LI><a href="#[1ba]">WINDOW_CreateIndirect</a> from WINDOW.o(.text.WINDOW_CreateIndirect) referenced from maintask.o(.rodata._aDialogCreate)
 <LI><a href="#[ba]">WM_HandlePID</a> from WM_Touch.o(.text.WM_HandlePID) referenced from GUI_PID.o(.text.GUI_PID_StoreState)
 <LI><a href="#[f4]">WM__Paint1</a> from WM.o(.text.WM__Paint1) referenced from WM.o(.text.WM__PaintWinAndOverlays)
 <LI><a href="#[f4]">WM__Paint1</a> from WM.o(.text.WM__Paint1) referenced from WM.o(.text._Paint1Trans)
 <LI><a href="#[1c]">WWDG_IRQHandler</a> from startup_stm32h743xx.o(.text) referenced from startup_stm32h743xx.o(RESET)
 <LI><a href="#[f5]">_CalcPositions</a> from SCROLLBAR_Skin.o(.text._CalcPositions) referenced from SCROLLBAR_Skin.o(.text._Create)
 <LI><a href="#[147]">_CalcSizeOfChar</a> from GUI_UC_EncodeUTF8.o(.text._CalcSizeOfChar) referenced 2 times from GUI_UC_EncodeUTF8.o(.rodata)
 <LI><a href="#[12e]">_Color2IndexBulk</a> from GUICC_M565.o(.text._Color2IndexBulk) referenced 2 times from GUICC_M565.o(.rodata)
 <LI><a href="#[113]">_Color2IndexBulk_1616I</a> from GUICC_1616I.o(.text._Color2IndexBulk_1616I) referenced from GUICC_1616I.o(.rodata)
 <LI><a href="#[11b]">_Color2IndexBulk_88666I</a> from GUICC_88666I.o(.text._Color2IndexBulk_88666I) referenced from GUICC_88666I.o(.rodata)
 <LI><a href="#[120]">_Color2IndexBulk_M1555I</a> from GUICC_M1555I.o(.text._Color2IndexBulk_M1555I) referenced from GUICC_M1555I.o(.rodata)
 <LI><a href="#[d0]">_Color2IndexBulk_M1555I_DMA2D</a> from lcdconf_lin_template.o(.text._Color2IndexBulk_M1555I_DMA2D) referenced 2 times from lcdconf_lin_template.o(.text.LCD_X_Config)
 <LI><a href="#[125]">_Color2IndexBulk_M4444I</a> from GUICC_M4444I.o(.text._Color2IndexBulk_M4444I) referenced from GUICC_M4444I.o(.rodata)
 <LI><a href="#[d4]">_Color2IndexBulk_M4444I_DMA2D</a> from lcdconf_lin_template.o(.text._Color2IndexBulk_M4444I_DMA2D) referenced 2 times from lcdconf_lin_template.o(.text.LCD_X_Config)
 <LI><a href="#[d2]">_Color2IndexBulk_M565_DMA2D</a> from lcdconf_lin_template.o(.text._Color2IndexBulk_M565_DMA2D) referenced 2 times from lcdconf_lin_template.o(.text.LCD_X_Config)
 <LI><a href="#[129]">_Color2IndexBulk_M8888I</a> from GUICC_M8888I.o(.text._Color2IndexBulk_M8888I) referenced from GUICC_M8888I.o(.rodata)
 <LI><a href="#[d8]">_Color2IndexBulk_M8888I_DMA2D</a> from lcdconf_lin_template.o(.text._Color2IndexBulk_M8888I_DMA2D) referenced 2 times from lcdconf_lin_template.o(.text.LCD_X_Config)
 <LI><a href="#[d6]">_Color2IndexBulk_M888_DMA2D</a> from lcdconf_lin_template.o(.text._Color2IndexBulk_M888_DMA2D) referenced 2 times from lcdconf_lin_template.o(.text.LCD_X_Config)
 <LI><a href="#[172]">_Color2Index_0</a> from GUICC_0.o(.text._Color2Index_0) referenced from GUICC_0.o(.rodata)
 <LI><a href="#[16f]">_Color2Index_16</a> from GUICC_16.o(.text._Color2Index_16) referenced from GUICC_16.o(.rodata)
 <LI><a href="#[110]">_Color2Index_1616I</a> from GUICC_1616I.o(.text._Color2Index_1616I) referenced from GUICC_1616I.o(.rodata)
 <LI><a href="#[118]">_Color2Index_88666I</a> from GUICC_88666I.o(.text._Color2Index_88666I) referenced from GUICC_88666I.o(.rodata)
 <LI><a href="#[11d]">_Color2Index_M1555I</a> from GUICC_M1555I.o(.text._Color2Index_M1555I) referenced from GUICC_M1555I.o(.rodata)
 <LI><a href="#[122]">_Color2Index_M4444I</a> from GUICC_M4444I.o(.text._Color2Index_M4444I) referenced from GUICC_M4444I.o(.rodata)
 <LI><a href="#[12b]">_Color2Index_M565</a> from GUICC_M565.o(.text._Color2Index_M565) referenced from GUICC_M565.o(.rodata)
 <LI><a href="#[130]">_Color2Index_M888</a> from GUICC_M888.o(.text._Color2Index_M888) referenced from GUICC_M888.o(.rodata)
 <LI><a href="#[127]">_Color2Index_M8888I</a> from GUICC_M8888I.o(.text._Color2Index_M8888I) referenced from GUICC_M8888I.o(.rodata)
 <LI><a href="#[100]">_CopyBuffer</a> from GUIDRV_Lin_16.o(.text._CopyBuffer) referenced from GUIDRV_Lin_16.o(.text._GetDevFunc)
 <LI><a href="#[d]">_Create</a> from FRAMEWIN_Skin.o(.text._Create) referenced 4 times from FRAMEWIN_Skin.o(.data)
 <LI><a href="#[da]">_DMA_AlphaBlending</a> from lcdconf_lin_template.o(.text._DMA_AlphaBlending) referenced 2 times from lcdconf_lin_template.o(.text.LCD_X_Config)
 <LI><a href="#[e7]">_DrawBackgroundH</a> from SCROLLBAR_SkinFlex.o(.text._DrawBackgroundH) referenced from SCROLLBAR_SkinFlex.o(.text.SCROLLBAR_DrawSkinFlex)
 <LI><a href="#[e9]">_DrawBackgroundV</a> from SCROLLBAR_SkinFlex.o(.text._DrawBackgroundV) referenced from SCROLLBAR_SkinFlex.o(.text.SCROLLBAR_DrawSkinFlex)
 <LI><a href="#[139]">_DrawBitmap</a> from GUI_SetOrientation.o(.text._DrawBitmap) referenced 5 times from GUI_SetOrientation.o(.rodata)
 <LI><a href="#[138]">_DrawBitmapHW_8888</a> from GUI_DrawBitmap_8888.o(.text._DrawBitmapHW_8888) referenced from GUI_DrawBitmap_8888.o(.rodata)
 <LI><a href="#[137]">_DrawBitmap_8888</a> from GUI_DrawBitmap_8888.o(.text._DrawBitmap_8888) referenced from GUI_DrawBitmap_8888.o(.rodata)
 <LI><a href="#[181]">_DrawBitmap_C0</a> from GUI_SetOrientationC0.o(.text._DrawBitmap_C0) referenced from GUI_SetOrientationC0.o(.rodata)
 <LI><a href="#[188]">_DrawBitmap_CX</a> from GUI_SetOrientationC16.o(.text._DrawBitmap_CX) referenced 3 times from GUI_SetOrientationC16.o(.rodata)
 <LI><a href="#[136]">_DrawBitmap_M8888I</a> from GUI_DrawBitmap_8888.o(.text._DrawBitmap_M8888I) referenced from GUI_DrawBitmap_8888.o(.rodata)
 <LI><a href="#[16c]">_DrawDown</a> from WIDGET_Effect_None.o(.text._DrawDown) referenced 2 times from WIDGET_Effect_None.o(.rodata)
 <LI><a href="#[16d]">_DrawDownRect</a> from WIDGET_Effect_None.o(.text._DrawDownRect) referenced 2 times from WIDGET_Effect_None.o(.rodata)
 <LI><a href="#[16e]">_DrawFlat</a> from WIDGET_Effect_None.o(.text._DrawFlat) referenced from WIDGET_Effect_None.o(.rodata)
 <LI><a href="#[e6]">_DrawGraspH</a> from SCROLLBAR_SkinFlex.o(.text._DrawGraspH) referenced from SCROLLBAR_SkinFlex.o(.text.SCROLLBAR_DrawSkinFlex)
 <LI><a href="#[e8]">_DrawGraspV</a> from SCROLLBAR_SkinFlex.o(.text._DrawGraspV) referenced from SCROLLBAR_SkinFlex.o(.text.SCROLLBAR_DrawSkinFlex)
 <LI><a href="#[13a]">_DrawHLine</a> from GUI_SetOrientation.o(.text._DrawHLine) referenced 5 times from GUI_SetOrientation.o(.rodata)
 <LI><a href="#[b7]">_DrawHLine</a> from GUIAA_Lib.o(.text._DrawHLine) referenced from GUIAA_Lib.o(.text.GUI_AA_Init_HiRes)
 <LI><a href="#[182]">_DrawHLine_C0</a> from GUI_SetOrientationC0.o(.text._DrawHLine_C0) referenced from GUI_SetOrientationC0.o(.rodata)
 <LI><a href="#[189]">_DrawHLine_CX</a> from GUI_SetOrientationC16.o(.text._DrawHLine_CX) referenced 3 times from GUI_SetOrientationC16.o(.rodata)
 <LI><a href="#[16a]">_DrawUp</a> from WIDGET_Effect_None.o(.text._DrawUp) referenced 2 times from WIDGET_Effect_None.o(.rodata)
 <LI><a href="#[16b]">_DrawUpRect</a> from WIDGET_Effect_None.o(.text._DrawUpRect) referenced 2 times from WIDGET_Effect_None.o(.rodata)
 <LI><a href="#[13b]">_DrawVLine</a> from GUI_SetOrientation.o(.text._DrawVLine) referenced 5 times from GUI_SetOrientation.o(.rodata)
 <LI><a href="#[183]">_DrawVLine_C0</a> from GUI_SetOrientationC0.o(.text._DrawVLine_C0) referenced from GUI_SetOrientationC0.o(.rodata)
 <LI><a href="#[18a]">_DrawVLine_CX</a> from GUI_SetOrientationC16.o(.text._DrawVLine_CX) referenced 3 times from GUI_SetOrientationC16.o(.rodata)
 <LI><a href="#[148]">_Encode</a> from GUI_UC_EncodeUTF8.o(.text._Encode) referenced 2 times from GUI_UC_EncodeUTF8.o(.rodata)
 <LI><a href="#[13c]">_FillRect</a> from GUI_SetOrientation.o(.text._FillRect) referenced 5 times from GUI_SetOrientation.o(.rodata)
 <LI><a href="#[184]">_FillRect_C0</a> from GUI_SetOrientationC0.o(.text._FillRect_C0) referenced from GUI_SetOrientationC0.o(.rodata)
 <LI><a href="#[18b]">_FillRect_CX</a> from GUI_SetOrientationC16.o(.text._FillRect_CX) referenced 3 times from GUI_SetOrientationC16.o(.rodata)
 <LI><a href="#[1b8]">_GUI_USAGE_BM_Delete</a> from GUIDEV_UsageBM.o(.text._GUI_USAGE_BM_Delete) referenced from GUIDEV_UsageBM.o(.rodata)
 <LI><a href="#[e]">_GetBorderSize</a> from FRAMEWIN_Skin.o(.text._GetBorderSize) referenced 2 times from FRAMEWIN_Skin.o(.data)
 <LI><a href="#[145]">_GetCharCode</a> from GUI_UC_EncodeUTF8.o(.text._GetCharCode) referenced 2 times from GUI_UC_EncodeUTF8.o(.rodata)
 <LI><a href="#[146]">_GetCharSize</a> from GUI_UC_EncodeUTF8.o(.text._GetCharSize) referenced 2 times from GUI_UC_EncodeUTF8.o(.rodata)
 <LI><a href="#[a]">_GetCharWrap</a> from GUI__Wrap.o(.text._GetCharWrap) referenced 2 times from GUI__Wrap.o(.data)
 <LI><a href="#[143]">_GetDevData</a> from GUI_SetOrientation.o(.text._GetDevData) referenced 5 times from GUI_SetOrientation.o(.rodata)
 <LI><a href="#[141]">_GetDevFunc</a> from GUI_SetOrientation.o(.text._GetDevFunc) referenced 5 times from GUI_SetOrientation.o(.rodata)
 <LI><a href="#[142]">_GetDevProp</a> from GUI_SetOrientation.o(.text._GetDevProp) referenced 5 times from GUI_SetOrientation.o(.rodata)
 <LI><a href="#[174]">_GetIndexMask_0</a> from GUICC_0.o(.text._GetIndexMask_0) referenced from GUICC_0.o(.rodata)
 <LI><a href="#[171]">_GetIndexMask_16</a> from GUICC_16.o(.text._GetIndexMask_16) referenced from GUICC_16.o(.rodata)
 <LI><a href="#[112]">_GetIndexMask_1616I</a> from GUICC_1616I.o(.text._GetIndexMask_1616I) referenced from GUICC_1616I.o(.rodata)
 <LI><a href="#[117]">_GetIndexMask_8666</a> from GUICC_8666.o(.text._GetIndexMask_8666) referenced from GUICC_8666.o(.rodata)
 <LI><a href="#[11a]">_GetIndexMask_88666I</a> from GUICC_88666I.o(.text._GetIndexMask_88666I) referenced from GUICC_88666I.o(.rodata)
 <LI><a href="#[11f]">_GetIndexMask_M1555I</a> from GUICC_M1555I.o(.text._GetIndexMask_M1555I) referenced from GUICC_M1555I.o(.rodata)
 <LI><a href="#[124]">_GetIndexMask_M4444I</a> from GUICC_M4444I.o(.text._GetIndexMask_M4444I) referenced from GUICC_M4444I.o(.rodata)
 <LI><a href="#[12d]">_GetIndexMask_M565</a> from GUICC_M565.o(.text._GetIndexMask_M565) referenced from GUICC_M565.o(.rodata)
 <LI><a href="#[131]">_GetIndexMask_M888</a> from GUICC_M888.o(.text._GetIndexMask_M888) referenced from GUICC_M888.o(.rodata)
 <LI><a href="#[128]">_GetIndexMask_M8888I</a> from GUICC_M8888I.o(.text._GetIndexMask_M8888I) referenced from GUICC_M8888I.o(.rodata)
 <LI><a href="#[13d]">_GetPixelIndex</a> from GUI_SetOrientation.o(.text._GetPixelIndex) referenced 5 times from GUI_SetOrientation.o(.rodata)
 <LI><a href="#[185]">_GetPixelIndex_C0</a> from GUI_SetOrientationC0.o(.text._GetPixelIndex_C0) referenced from GUI_SetOrientationC0.o(.rodata)
 <LI><a href="#[18c]">_GetPixelIndex_CX</a> from GUI_SetOrientationC16.o(.text._GetPixelIndex_CX) referenced 3 times from GUI_SetOrientationC16.o(.rodata)
 <LI><a href="#[fa]">_GetPos</a> from GUIDRV_Lin_16.o(.text._GetPos) referenced from GUIDRV_Lin_16.o(.text._GetDevFunc)
 <LI><a href="#[144]">_GetRect</a> from GUI_SetOrientation.o(.text._GetRect) referenced 5 times from GUI_SetOrientation.o(.rodata)
 <LI><a href="#[9]">_GetWordWrap</a> from GUI__Wrap.o(.text._GetWordWrap) referenced 2 times from GUI__Wrap.o(.data)
 <LI><a href="#[12f]">_Index2ColorBulk</a> from GUICC_M565.o(.text._Index2ColorBulk) referenced 2 times from GUICC_M565.o(.rodata)
 <LI><a href="#[114]">_Index2ColorBulk_1616I</a> from GUICC_1616I.o(.text._Index2ColorBulk_1616I) referenced from GUICC_1616I.o(.rodata)
 <LI><a href="#[11c]">_Index2ColorBulk_88666I</a> from GUICC_88666I.o(.text._Index2ColorBulk_88666I) referenced from GUICC_88666I.o(.rodata)
 <LI><a href="#[121]">_Index2ColorBulk_M1555I</a> from GUICC_M1555I.o(.text._Index2ColorBulk_M1555I) referenced from GUICC_M1555I.o(.rodata)
 <LI><a href="#[d1]">_Index2ColorBulk_M1555I_DMA2D</a> from lcdconf_lin_template.o(.text._Index2ColorBulk_M1555I_DMA2D) referenced 2 times from lcdconf_lin_template.o(.text.LCD_X_Config)
 <LI><a href="#[126]">_Index2ColorBulk_M4444I</a> from GUICC_M4444I.o(.text._Index2ColorBulk_M4444I) referenced from GUICC_M4444I.o(.rodata)
 <LI><a href="#[d5]">_Index2ColorBulk_M4444I_DMA2D</a> from lcdconf_lin_template.o(.text._Index2ColorBulk_M4444I_DMA2D) referenced 2 times from lcdconf_lin_template.o(.text.LCD_X_Config)
 <LI><a href="#[d3]">_Index2ColorBulk_M565_DMA2D</a> from lcdconf_lin_template.o(.text._Index2ColorBulk_M565_DMA2D) referenced 2 times from lcdconf_lin_template.o(.text.LCD_X_Config)
 <LI><a href="#[12a]">_Index2ColorBulk_M8888I</a> from GUICC_M8888I.o(.text._Index2ColorBulk_M8888I) referenced from GUICC_M8888I.o(.rodata)
 <LI><a href="#[d9]">_Index2ColorBulk_M8888I_DMA2D</a> from lcdconf_lin_template.o(.text._Index2ColorBulk_M8888I_DMA2D) referenced 2 times from lcdconf_lin_template.o(.text.LCD_X_Config)
 <LI><a href="#[d7]">_Index2ColorBulk_M888_DMA2D</a> from lcdconf_lin_template.o(.text._Index2ColorBulk_M888_DMA2D) referenced 2 times from lcdconf_lin_template.o(.text.LCD_X_Config)
 <LI><a href="#[173]">_Index2Color_0</a> from GUICC_0.o(.text._Index2Color_0) referenced from GUICC_0.o(.rodata)
 <LI><a href="#[170]">_Index2Color_16</a> from GUICC_16.o(.text._Index2Color_16) referenced from GUICC_16.o(.rodata)
 <LI><a href="#[111]">_Index2Color_1616I</a> from GUICC_1616I.o(.text._Index2Color_1616I) referenced from GUICC_1616I.o(.rodata)
 <LI><a href="#[119]">_Index2Color_88666I</a> from GUICC_88666I.o(.text._Index2Color_88666I) referenced from GUICC_88666I.o(.rodata)
 <LI><a href="#[11e]">_Index2Color_M1555I</a> from GUICC_M1555I.o(.text._Index2Color_M1555I) referenced from GUICC_M1555I.o(.rodata)
 <LI><a href="#[123]">_Index2Color_M4444I</a> from GUICC_M4444I.o(.text._Index2Color_M4444I) referenced from GUICC_M4444I.o(.rodata)
 <LI><a href="#[107]">_Init</a> from GUIDRV_Lin_16.o(.text._Init) referenced from GUIDRV_Lin_16.o(.text._GetDevFunc)
 <LI><a href="#[b2]">_InvalidateNewItem</a> from GRAPH_DATA_YT.o(.text._InvalidateNewItem) referenced from GRAPH_DATA_YT.o(.text.GRAPH_DATA_YT_Create)
 <LI><a href="#[ca]">_LCD_CopyBuffer</a> from lcdconf_lin_template.o(.text._LCD_CopyBuffer) referenced 2 times from lcdconf_lin_template.o(.text.LCD_X_Config)
 <LI><a href="#[cc]">_LCD_CopyRect</a> from lcdconf_lin_template.o(.text._LCD_CopyRect) referenced 2 times from lcdconf_lin_template.o(.text.LCD_X_Config)
 <LI><a href="#[ce]">_LCD_DrawBitmap16bpp</a> from lcdconf_lin_template.o(.text._LCD_DrawBitmap16bpp) referenced 2 times from lcdconf_lin_template.o(.text.LCD_X_Config)
 <LI><a href="#[cf]">_LCD_DrawBitmap32bpp</a> from lcdconf_lin_template.o(.text._LCD_DrawBitmap32bpp) referenced 2 times from lcdconf_lin_template.o(.text.LCD_X_Config)
 <LI><a href="#[cd]">_LCD_DrawBitmap8bpp</a> from lcdconf_lin_template.o(.text._LCD_DrawBitmap8bpp) referenced 2 times from lcdconf_lin_template.o(.text.LCD_X_Config)
 <LI><a href="#[df]">_LCD_DrawBitmapAlpha</a> from lcdconf_lin_template.o(.text._LCD_DrawBitmapAlpha) referenced 2 times from lcdconf_lin_template.o(.text.LCD_X_Config)
 <LI><a href="#[dd]">_LCD_DrawMemdev16bpp</a> from lcdconf_lin_template.o(.text._LCD_DrawMemdev16bpp) referenced 2 times from lcdconf_lin_template.o(.text.LCD_X_Config)
 <LI><a href="#[de]">_LCD_DrawMemdevAlpha</a> from lcdconf_lin_template.o(.text._LCD_DrawMemdevAlpha) referenced 2 times from lcdconf_lin_template.o(.text.LCD_X_Config)
 <LI><a href="#[cb]">_LCD_FillRect</a> from lcdconf_lin_template.o(.text._LCD_FillRect) referenced 2 times from lcdconf_lin_template.o(.text.LCD_X_Config)
 <LI><a href="#[cb]">_LCD_FillRect</a> from lcdconf_lin_template.o(.text._LCD_FillRect) referenced 2 times from lcdconf_lin_template.o(.text._LCD_FillRect)
 <LI><a href="#[db]">_LCD_GetpPalConvTable</a> from lcdconf_lin_template.o(.text._LCD_GetpPalConvTable) referenced 2 times from lcdconf_lin_template.o(.text.LCD_X_Config)
 <LI><a href="#[dc]">_LCD_MixColorsBulk</a> from lcdconf_lin_template.o(.text._LCD_MixColorsBulk) referenced 2 times from lcdconf_lin_template.o(.text.LCD_X_Config)
 <LI><a href="#[c0]">_Log2Phys_S</a> from GUI_SetOrientation.o(.text._Log2Phys_S) referenced from GUI_SetOrientation.o(.text.GUI_SetOrientationExCached.part.0)
 <LI><a href="#[c1]">_Log2Phys_SX</a> from GUI_SetOrientation.o(.text._Log2Phys_SX) referenced from GUI_SetOrientation.o(.text.GUI_SetOrientationExCached.part.0)
 <LI><a href="#[bc]">_Log2Phys_SXY</a> from GUI_SetOrientation.o(.text._Log2Phys_SXY) referenced from GUI_SetOrientation.o(.text.GUI_SetOrientationExCached.part.0)
 <LI><a href="#[c2]">_Log2Phys_SY</a> from GUI_SetOrientation.o(.text._Log2Phys_SY) referenced from GUI_SetOrientation.o(.text.GUI_SetOrientationExCached.part.0)
 <LI><a href="#[bd]">_Log2Phys_X</a> from GUI_SetOrientation.o(.text._Log2Phys_X) referenced from GUI_SetOrientation.o(.text.GUI_SetOrientationExCached.part.0)
 <LI><a href="#[bf]">_Log2Phys_XY</a> from GUI_SetOrientation.o(.text._Log2Phys_XY) referenced from GUI_SetOrientation.o(.text.GUI_SetOrientationExCached.part.0)
 <LI><a href="#[be]">_Log2Phys_Y</a> from GUI_SetOrientation.o(.text._Log2Phys_Y) referenced from GUI_SetOrientation.o(.text.GUI_SetOrientationExCached.part.0)
 <LI><a href="#[6]">_Log2VisBuffered</a> from GUI_CharLine.o(.text._Log2VisBuffered) referenced 2 times from GUI_CharLine.o(.data)
 <LI><a href="#[168]">_MULTIBUF_Begin</a> from WM_MULTIBUF.o(.text._MULTIBUF_Begin) referenced from WM_MULTIBUF.o(.rodata)
 <LI><a href="#[169]">_MULTIBUF_End</a> from WM_MULTIBUF.o(.text._MULTIBUF_End) referenced from WM_MULTIBUF.o(.rodata)
 <LI><a href="#[105]">_Off</a> from GUIDRV_Lin_16.o(.text._Off) referenced from GUIDRV_Lin_16.o(.text._GetDevFunc)
 <LI><a href="#[106]">_On</a> from GUIDRV_Lin_16.o(.text._On) referenced from GUIDRV_Lin_16.o(.text._GetDevFunc)
 <LI><a href="#[b4]">_OnDelete</a> from GRAPH_DATA_YT.o(.text._OnDelete) referenced from GRAPH_DATA_YT.o(.text.GRAPH_DATA_YT_Create)
 <LI><a href="#[b5]">_OnExit</a> from GUI_Task.o(.text._OnExit) referenced from GUI_Task.o(.text.GUITASK_Init)
 <LI><a href="#[b6]">_OnExit</a> from GUIAA_Lib.o(.text._OnExit) referenced from GUIAA_Lib.o(.text.GUI_AA_Init_HiRes)
 <LI><a href="#[b8]">_OnExit</a> from GUI_Cursor.o(.text._OnExit) referenced from GUI_Cursor.o(.text.GUI_CURSOR_SelectEx)
 <LI><a href="#[b9]">_OnExit</a> from GUI_MULTIBUF.o(.text._OnExit) referenced from GUI_MULTIBUF.o(.text.GUI_MULTIBUF_ConfigEx)
 <LI><a href="#[bb]">_OnExit</a> from GUI_PID.o(.text._OnExit) referenced from GUI_PID.o(.text.GUI_PID_StoreState)
 <LI><a href="#[c4]">_OnExit</a> from GUI_Timer.o(.text._OnExit) referenced from GUI_Timer.o(.text.GUI_TIMER_Create)
 <LI><a href="#[c5]">_OnExit</a> from GUI__Alpha.o(.text._OnExit) referenced from GUI__Alpha.o(.text.GUI__AllocAlphaBuffer)
 <LI><a href="#[c6]">_OnExit</a> from GUI_Core.o(.text._OnExit) referenced from GUI_Core.o(.text.GUI__Config)
 <LI><a href="#[c5]">_OnExit</a> from GUI__Alpha.o(.text._OnExit) referenced from GUI__Alpha.o(.text.GUI__DoAlphaBlending)
 <LI><a href="#[c9]">_OnExit</a> from LCD_Color.o(.text._OnExit) referenced from LCD_Color.o(.text.LCD_InitColors)
 <LI><a href="#[f2]">_OnExit</a> from WM.o(.text._OnExit) referenced from WM.o(.text.WM_Init)
 <LI><a href="#[b3]">_OnPaint</a> from GRAPH_DATA_YT.o(.text._OnPaint) referenced from GRAPH_DATA_YT.o(.text.GRAPH_DATA_YT_Create)
 <LI><a href="#[c]">_Paint</a> from FRAMEWIN_Skin.o(.text._Paint) referenced 4 times from FRAMEWIN_Skin.o(.data)
 <LI><a href="#[fd]">_ReadRect</a> from GUIDRV_Lin_16.o(.text._ReadRect) referenced from GUIDRV_Lin_16.o(.text._GetDevFunc)
 <LI><a href="#[fc]">_SetAlpha</a> from GUIDRV_Lin_16.o(.text._SetAlpha) referenced from GUIDRV_Lin_16.o(.text._GetDevFunc)
 <LI><a href="#[104]">_SetAlphaMode</a> from GUIDRV_Lin_16.o(.text._SetAlphaMode) referenced from GUIDRV_Lin_16.o(.text._GetDevFunc)
[...]
</UL>

<P><STRONG><a name="[e]"></a>_GetBorderSize</STRONG> (Thumb, 88 bytes, Stack size unknown bytes, FRAMEWIN_Skin.o(.text._GetBorderSize))
<BR><BR>[Calls]<UL><LI><a href="#[219]">&gt;&gt;</a>&nbsp;&nbsp;&nbsp;GUI_ALLOC_UnlockH
<LI><a href="#[218]">&gt;&gt;</a>&nbsp;&nbsp;&nbsp;GUI_ALLOC_LockH
</UL>
<BR>[Address Reference Count : 1]<UL><LI> FRAMEWIN_Skin.o(.data)
</UL>
<P><STRONG><a name="[d]"></a>_Create</STRONG> (Thumb, 44 bytes, Stack size unknown bytes, FRAMEWIN_Skin.o(.text._Create))
<BR><BR>[Calls]<UL><LI><a href="#[219]">&gt;&gt;</a>&nbsp;&nbsp;&nbsp;GUI_ALLOC_UnlockH
<LI><a href="#[218]">&gt;&gt;</a>&nbsp;&nbsp;&nbsp;GUI_ALLOC_LockH
</UL>
<BR>[Address Reference Count : 1]<UL><LI> FRAMEWIN_Skin.o(.data)
</UL>
<P><STRONG><a name="[c]"></a>_Paint</STRONG> (Thumb, 402 bytes, Stack size unknown bytes, FRAMEWIN_Skin.o(.text._Paint))
<BR><BR>[Stack]<UL><LI>Max Depth = 156 + Unknown Stack Size
<LI>Call Chain = _Paint &rArr; GUI_SetFont &rArr; GUI_Lock &rArr; GUI_X_Lock &rArr; OSSemPend &rArr; OS_Pend &rArr; OS_TaskBlock &rArr; OS_TickListInsert
</UL>
<BR>[Calls]<UL><LI><a href="#[238]">&gt;&gt;</a>&nbsp;&nbsp;&nbsp;GUI_SetFont
<LI><a href="#[299]">&gt;&gt;</a>&nbsp;&nbsp;&nbsp;WM__InitIVRSearch
<LI><a href="#[29c]">&gt;&gt;</a>&nbsp;&nbsp;&nbsp;WM__GetNextIVR
<LI><a href="#[237]">&gt;&gt;</a>&nbsp;&nbsp;&nbsp;GUI_SetTextMode
<LI><a href="#[219]">&gt;&gt;</a>&nbsp;&nbsp;&nbsp;GUI_ALLOC_UnlockH
<LI><a href="#[218]">&gt;&gt;</a>&nbsp;&nbsp;&nbsp;GUI_ALLOC_LockH
<LI><a href="#[48c]">&gt;&gt;</a>&nbsp;&nbsp;&nbsp;WM_GetWindowSizeX
<LI><a href="#[243]">&gt;&gt;</a>&nbsp;&nbsp;&nbsp;WM_GetWindowSizeY
<LI><a href="#[244]">&gt;&gt;</a>&nbsp;&nbsp;&nbsp;FRAMEWIN__GetTitleLimits
<LI><a href="#[245]">&gt;&gt;</a>&nbsp;&nbsp;&nbsp;FRAMEWIN__CalcTitleHeight
</UL>
<BR>[Address Reference Count : 1]<UL><LI> FRAMEWIN_Skin.o(.data)
</UL>
<P><STRONG><a name="[1a8]"></a>_DrawDownRect</STRONG> (Thumb, 56 bytes, Stack size unknown bytes, WIDGET_Effect_Simple.o(.text._DrawDownRect))
<BR><BR>[Stack]<UL><LI>Max Depth = 156 + Unknown Stack Size
<LI>Call Chain = _DrawDownRect &rArr; GUI_DrawRect &rArr; GUI_Lock &rArr; GUI_X_Lock &rArr; OSSemPend &rArr; OS_Pend &rArr; OS_TaskBlock &rArr; OS_TickListInsert
</UL>
<BR>[Calls]<UL><LI><a href="#[2d0]">&gt;&gt;</a>&nbsp;&nbsp;&nbsp;GUI_DrawRect
<LI><a href="#[260]">&gt;&gt;</a>&nbsp;&nbsp;&nbsp;LCD_SetColor
<LI><a href="#[31f]">&gt;&gt;</a>&nbsp;&nbsp;&nbsp;GUI_RestoreContext
<LI><a href="#[328]">&gt;&gt;</a>&nbsp;&nbsp;&nbsp;GUI_SaveContext_W
</UL>
<BR>[Address Reference Count : 1]<UL><LI> WIDGET_Effect_Simple.o(.rodata)
</UL>
<P><STRONG><a name="[1a5]"></a>_DrawUp</STRONG> (Thumb, 60 bytes, Stack size unknown bytes, WIDGET_Effect_Simple.o(.text._DrawUp))
<BR><BR>[Stack]<UL><LI>Max Depth = 156 + Unknown Stack Size
<LI>Call Chain = _DrawUp &rArr; GUI_DrawRect &rArr; GUI_Lock &rArr; GUI_X_Lock &rArr; OSSemPend &rArr; OS_Pend &rArr; OS_TaskBlock &rArr; OS_TickListInsert
</UL>
<BR>[Calls]<UL><LI><a href="#[2d0]">&gt;&gt;</a>&nbsp;&nbsp;&nbsp;GUI_DrawRect
<LI><a href="#[260]">&gt;&gt;</a>&nbsp;&nbsp;&nbsp;LCD_SetColor
<LI><a href="#[31f]">&gt;&gt;</a>&nbsp;&nbsp;&nbsp;GUI_RestoreContext
<LI><a href="#[328]">&gt;&gt;</a>&nbsp;&nbsp;&nbsp;GUI_SaveContext_W
<LI><a href="#[264]">&gt;&gt;</a>&nbsp;&nbsp;&nbsp;WM_GetClientRect
</UL>
<BR>[Address Reference Count : 1]<UL><LI> WIDGET_Effect_Simple.o(.rodata)
</UL>
<P><STRONG><a name="[1a6]"></a>_DrawUpRect</STRONG> (Thumb, 56 bytes, Stack size unknown bytes, WIDGET_Effect_Simple.o(.text._DrawUpRect))
<BR><BR>[Stack]<UL><LI>Max Depth = 156 + Unknown Stack Size
<LI>Call Chain = _DrawUpRect &rArr; GUI_DrawRect &rArr; GUI_Lock &rArr; GUI_X_Lock &rArr; OSSemPend &rArr; OS_Pend &rArr; OS_TaskBlock &rArr; OS_TickListInsert
</UL>
<BR>[Calls]<UL><LI><a href="#[2d0]">&gt;&gt;</a>&nbsp;&nbsp;&nbsp;GUI_DrawRect
<LI><a href="#[260]">&gt;&gt;</a>&nbsp;&nbsp;&nbsp;LCD_SetColor
<LI><a href="#[31f]">&gt;&gt;</a>&nbsp;&nbsp;&nbsp;GUI_RestoreContext
<LI><a href="#[328]">&gt;&gt;</a>&nbsp;&nbsp;&nbsp;GUI_SaveContext_W
</UL>
<BR>[Address Reference Count : 1]<UL><LI> WIDGET_Effect_Simple.o(.rodata)
</UL>
<P><STRONG><a name="[1a7]"></a>_DrawDown</STRONG> (Thumb, 60 bytes, Stack size unknown bytes, WIDGET_Effect_Simple.o(.text._DrawDown))
<BR><BR>[Stack]<UL><LI>Max Depth = 156 + Unknown Stack Size
<LI>Call Chain = _DrawDown &rArr; GUI_DrawRect &rArr; GUI_Lock &rArr; GUI_X_Lock &rArr; OSSemPend &rArr; OS_Pend &rArr; OS_TaskBlock &rArr; OS_TickListInsert
</UL>
<BR>[Calls]<UL><LI><a href="#[2d0]">&gt;&gt;</a>&nbsp;&nbsp;&nbsp;GUI_DrawRect
<LI><a href="#[260]">&gt;&gt;</a>&nbsp;&nbsp;&nbsp;LCD_SetColor
<LI><a href="#[31f]">&gt;&gt;</a>&nbsp;&nbsp;&nbsp;GUI_RestoreContext
<LI><a href="#[328]">&gt;&gt;</a>&nbsp;&nbsp;&nbsp;GUI_SaveContext_W
<LI><a href="#[264]">&gt;&gt;</a>&nbsp;&nbsp;&nbsp;WM_GetClientRect
</UL>
<BR>[Address Reference Count : 1]<UL><LI> WIDGET_Effect_Simple.o(.rodata)
</UL>
<P><STRONG><a name="[1b3]"></a>_GetDevData</STRONG> (Thumb, 16 bytes, Stack size unknown bytes, GUIDEV_32.o(.text._GetDevData))
<BR>[Address Reference Count : 1]<UL><LI> GUIDEV_32.o(.rodata)
</UL>
<P><STRONG><a name="[1b1]"></a>_GetDevFunc</STRONG> (Thumb, 16 bytes, Stack size unknown bytes, GUIDEV_32.o(.text._GetDevFunc))
<BR>[Address Reference Count : 1]<UL><LI> GUIDEV_32.o(.rodata)
</UL>
<P><STRONG><a name="[1b2]"></a>_GetDevProp</STRONG> (Thumb, 10 bytes, Stack size unknown bytes, GUIDEV_32.o(.text._GetDevProp))
<BR>[Address Reference Count : 1]<UL><LI> GUIDEV_32.o(.rodata)
</UL>
<P><STRONG><a name="[1b0]"></a>_SetOrg</STRONG> (Thumb, 8 bytes, Stack size unknown bytes, GUIDEV_32.o(.text._SetOrg))
<BR>[Address Reference Count : 1]<UL><LI> GUIDEV_32.o(.rodata)
</UL>
<P><STRONG><a name="[1b4]"></a>_GetRect</STRONG> (Thumb, 56 bytes, Stack size unknown bytes, GUIDEV_32.o(.text._GetRect))
<BR><BR>[Calls]<UL><LI><a href="#[219]">&gt;&gt;</a>&nbsp;&nbsp;&nbsp;GUI_ALLOC_UnlockH
<LI><a href="#[218]">&gt;&gt;</a>&nbsp;&nbsp;&nbsp;GUI_ALLOC_LockH
</UL>
<BR>[Address Reference Count : 1]<UL><LI> GUIDEV_32.o(.rodata)
</UL>
<P><STRONG><a name="[1a9]"></a>_DrawBitmap</STRONG> (Thumb, 2496 bytes, Stack size unknown bytes, GUIDEV_32.o(.text._DrawBitmap))
<BR><BR>[Calls]<UL><LI><a href="#[219]">&gt;&gt;</a>&nbsp;&nbsp;&nbsp;GUI_ALLOC_UnlockH
<LI><a href="#[218]">&gt;&gt;</a>&nbsp;&nbsp;&nbsp;GUI_ALLOC_LockH
<LI><a href="#[4c0]">&gt;&gt;</a>&nbsp;&nbsp;&nbsp;GUI_USAGE_AddRect
</UL>
<BR>[Address Reference Count : 1]<UL><LI> GUIDEV_32.o(.rodata)
</UL>
<P><STRONG><a name="[1ad]"></a>_GetPixelIndex</STRONG> (Thumb, 64 bytes, Stack size unknown bytes, GUIDEV_32.o(.text._GetPixelIndex))
<BR><BR>[Calls]<UL><LI><a href="#[219]">&gt;&gt;</a>&nbsp;&nbsp;&nbsp;GUI_ALLOC_UnlockH
<LI><a href="#[218]">&gt;&gt;</a>&nbsp;&nbsp;&nbsp;GUI_ALLOC_LockH
</UL>
<BR>[Address Reference Count : 1]<UL><LI> GUIDEV_32.o(.rodata)
</UL>
<P><STRONG><a name="[1ae]"></a>_SetPixelIndex</STRONG> (Thumb, 120 bytes, Stack size unknown bytes, GUIDEV_32.o(.text._SetPixelIndex))
<BR><BR>[Calls]<UL><LI><a href="#[219]">&gt;&gt;</a>&nbsp;&nbsp;&nbsp;GUI_ALLOC_UnlockH
<LI><a href="#[218]">&gt;&gt;</a>&nbsp;&nbsp;&nbsp;GUI_ALLOC_LockH
</UL>
<BR>[Address Reference Count : 1]<UL><LI> GUIDEV_32.o(.rodata)
</UL>
<P><STRONG><a name="[1af]"></a>_XorPixel</STRONG> (Thumb, 132 bytes, Stack size unknown bytes, GUIDEV_32.o(.text._XorPixel))
<BR><BR>[Calls]<UL><LI><a href="#[219]">&gt;&gt;</a>&nbsp;&nbsp;&nbsp;GUI_ALLOC_UnlockH
<LI><a href="#[218]">&gt;&gt;</a>&nbsp;&nbsp;&nbsp;GUI_ALLOC_LockH
</UL>
<BR>[Address Reference Count : 1]<UL><LI> GUIDEV_32.o(.rodata)
</UL>
<P><STRONG><a name="[1ac]"></a>_FillRect</STRONG> (Thumb, 236 bytes, Stack size unknown bytes, GUIDEV_32.o(.text._FillRect))
<BR><BR>[Calls]<UL><LI><a href="#[219]">&gt;&gt;</a>&nbsp;&nbsp;&nbsp;GUI_ALLOC_UnlockH
<LI><a href="#[218]">&gt;&gt;</a>&nbsp;&nbsp;&nbsp;GUI_ALLOC_LockH
<LI><a href="#[4c0]">&gt;&gt;</a>&nbsp;&nbsp;&nbsp;GUI_USAGE_AddRect
</UL>
<BR>[Called By]<UL><LI><a href="#[1aa]">&gt;&gt;</a>&nbsp;&nbsp;&nbsp;_DrawHLine
</UL>
<BR>[Address Reference Count : 1]<UL><LI> GUIDEV_32.o(.rodata)
</UL>
<P><STRONG><a name="[1aa]"></a>_DrawHLine</STRONG> (Thumb, 16 bytes, Stack size unknown bytes, GUIDEV_32.o(.text._DrawHLine))
<BR><BR>[Calls]<UL><LI><a href="#[1ac]">&gt;&gt;</a>&nbsp;&nbsp;&nbsp;_FillRect
</UL>
<BR>[Address Reference Count : 1]<UL><LI> GUIDEV_32.o(.rodata)
</UL>
<P><STRONG><a name="[1ab]"></a>_DrawVLine</STRONG> (Thumb, 228 bytes, Stack size unknown bytes, GUIDEV_32.o(.text._DrawVLine))
<BR><BR>[Calls]<UL><LI><a href="#[219]">&gt;&gt;</a>&nbsp;&nbsp;&nbsp;GUI_ALLOC_UnlockH
<LI><a href="#[218]">&gt;&gt;</a>&nbsp;&nbsp;&nbsp;GUI_ALLOC_LockH
</UL>
<BR>[Address Reference Count : 1]<UL><LI> GUIDEV_32.o(.rodata)
</UL>
<P><STRONG><a name="[1b5]"></a>GUI_USAGE_BM_AddPixel</STRONG> (Thumb, 44 bytes, Stack size unknown bytes, GUIDEV_UsageBM.o(.text.GUI_USAGE_BM_AddPixel))
<BR>[Address Reference Count : 1]<UL><LI> GUIDEV_UsageBM.o(.rodata)
</UL>
<P><STRONG><a name="[1b9]"></a>GUI_USAGE_BM_GetNextDirty</STRONG> (Thumb, 192 bytes, Stack size unknown bytes, GUIDEV_UsageBM.o(.text.GUI_USAGE_BM_GetNextDirty))
<BR>[Address Reference Count : 1]<UL><LI> GUIDEV_UsageBM.o(.rodata)
</UL>
<P><STRONG><a name="[1b8]"></a>_GUI_USAGE_BM_Delete</STRONG> (Thumb, 4 bytes, Stack size unknown bytes, GUIDEV_UsageBM.o(.text._GUI_USAGE_BM_Delete))
<BR><BR>[Stack]<UL><LI>Max Depth = 156 + Unknown Stack Size
<LI>Call Chain = _GUI_USAGE_BM_Delete &rArr; GUI_ALLOC_Free &rArr; GUI_Lock &rArr; GUI_X_Lock &rArr; OSSemPend &rArr; OS_Pend &rArr; OS_TaskBlock &rArr; OS_TickListInsert
</UL>
<BR>[Calls]<UL><LI><a href="#[270]">&gt;&gt;</a>&nbsp;&nbsp;&nbsp;GUI_ALLOC_Free
</UL>
<BR>[Address Reference Count : 1]<UL><LI> GUIDEV_UsageBM.o(.rodata)
</UL>
<P><STRONG><a name="[1b7]"></a>GUI_USAGE_BM_Clear</STRONG> (Thumb, 20 bytes, Stack size unknown bytes, GUIDEV_UsageBM.o(.text.GUI_USAGE_BM_Clear))
<BR><BR>[Stack]<UL><LI>Max Depth = 8 + Unknown Stack Size
<LI>Call Chain = GUI_USAGE_BM_Clear &rArr; memset
</UL>
<BR>[Calls]<UL><LI><a href="#[8]">&gt;&gt;</a>&nbsp;&nbsp;&nbsp;memset
</UL>
<BR>[Address Reference Count : 1]<UL><LI> GUIDEV_UsageBM.o(.rodata)
</UL>
<P><STRONG><a name="[1b6]"></a>GUI_USAGE_BM_AddHLine</STRONG> (Thumb, 114 bytes, Stack size unknown bytes, GUIDEV_UsageBM.o(.text.GUI_USAGE_BM_AddHLine))
<BR><BR>[Stack]<UL><LI>Max Depth = 8 + Unknown Stack Size
<LI>Call Chain = GUI_USAGE_BM_AddHLine &rArr; memset
</UL>
<BR>[Calls]<UL><LI><a href="#[8]">&gt;&gt;</a>&nbsp;&nbsp;&nbsp;memset
</UL>
<BR>[Address Reference Count : 1]<UL><LI> GUIDEV_UsageBM.o(.rodata)
</UL>
<P><STRONG><a name="[4a6]"></a>_Screen2hWin</STRONG> (Thumb, 932 bytes, Stack size unknown bytes, WM_Screen2Win.o(.text._Screen2hWin))
<BR><BR>[Calls]<UL><LI><a href="#[2ba]">&gt;&gt;</a>&nbsp;&nbsp;&nbsp;GUI_ALLOC_h2p
<LI><a href="#[219]">&gt;&gt;</a>&nbsp;&nbsp;&nbsp;GUI_ALLOC_UnlockH
<LI><a href="#[218]">&gt;&gt;</a>&nbsp;&nbsp;&nbsp;GUI_ALLOC_LockH
<LI><a href="#[4a6]">&gt;&gt;</a>&nbsp;&nbsp;&nbsp;_Screen2hWin
</UL>
<BR>[Called By]<UL><LI><a href="#[495]">&gt;&gt;</a>&nbsp;&nbsp;&nbsp;WM_Screen2hWin
<LI><a href="#[4a6]">&gt;&gt;</a>&nbsp;&nbsp;&nbsp;_Screen2hWin
</UL>

<P><STRONG><a name="[11]"></a>_Create</STRONG> (Thumb, 56 bytes, Stack size unknown bytes, SCROLLBAR_Skin.o(.text._Create))
<BR><BR>[Calls]<UL><LI><a href="#[219]">&gt;&gt;</a>&nbsp;&nbsp;&nbsp;GUI_ALLOC_UnlockH
<LI><a href="#[218]">&gt;&gt;</a>&nbsp;&nbsp;&nbsp;GUI_ALLOC_LockH
</UL>
<BR>[Address Reference Count : 1]<UL><LI> SCROLLBAR_Skin.o(.data)
</UL>
<P><STRONG><a name="[f5]"></a>_CalcPositions</STRONG> (Thumb, 380 bytes, Stack size unknown bytes, SCROLLBAR_Skin.o(.text._CalcPositions))
<BR><BR>[Stack]<UL><LI>Max Depth = 156 + Unknown Stack Size
<LI>Call Chain = _CalcPositions &rArr; WM_GetWindowRectEx &rArr; GUI_Lock &rArr; GUI_X_Lock &rArr; OSSemPend &rArr; OS_Pend &rArr; OS_TaskBlock &rArr; OS_TickListInsert
</UL>
<BR>[Calls]<UL><LI><a href="#[488]">&gt;&gt;</a>&nbsp;&nbsp;&nbsp;GUI_MoveRect
<LI><a href="#[219]">&gt;&gt;</a>&nbsp;&nbsp;&nbsp;GUI_ALLOC_UnlockH
<LI><a href="#[218]">&gt;&gt;</a>&nbsp;&nbsp;&nbsp;GUI_ALLOC_LockH
<LI><a href="#[48b]">&gt;&gt;</a>&nbsp;&nbsp;&nbsp;WM_GetWindowRectEx
<LI><a href="#[26b]">&gt;&gt;</a>&nbsp;&nbsp;&nbsp;WM_GetScrollbarV
<LI><a href="#[26c]">&gt;&gt;</a>&nbsp;&nbsp;&nbsp;WM_GetScrollbarH
<LI><a href="#[4b6]">&gt;&gt;</a>&nbsp;&nbsp;&nbsp;SCROLLBAR__Rect2VRect
<LI><a href="#[438]">&gt;&gt;</a>&nbsp;&nbsp;&nbsp;GUI__DivideRound32
</UL>
<BR>[Called By]<UL><LI><a href="#[10]">&gt;&gt;</a>&nbsp;&nbsp;&nbsp;_Paint
</UL>
<BR>[Address Reference Count : 1]<UL><LI> SCROLLBAR_Skin.o(.text._Create)
</UL>
<P><STRONG><a name="[10]"></a>_Paint</STRONG> (Thumb, 182 bytes, Stack size unknown bytes, SCROLLBAR_Skin.o(.text._Paint))
<BR><BR>[Stack]<UL><LI>Max Depth = 156 + Unknown Stack Size
<LI>Call Chain = _Paint &rArr; WIDGET__GetClientRect &rArr; WM_GetClientRect &rArr; GUI_Lock &rArr; GUI_X_Lock &rArr; OSSemPend &rArr; OS_Pend &rArr; OS_TaskBlock &rArr; OS_TickListInsert
</UL>
<BR>[Calls]<UL><LI><a href="#[219]">&gt;&gt;</a>&nbsp;&nbsp;&nbsp;GUI_ALLOC_UnlockH
<LI><a href="#[218]">&gt;&gt;</a>&nbsp;&nbsp;&nbsp;GUI_ALLOC_LockH
<LI><a href="#[474]">&gt;&gt;</a>&nbsp;&nbsp;&nbsp;WIDGET__GetClientRect
<LI><a href="#[f5]">&gt;&gt;</a>&nbsp;&nbsp;&nbsp;_CalcPositions
</UL>
<BR>[Address Reference Count : 1]<UL><LI> SCROLLBAR_Skin.o(.data)
</UL>
<P><STRONG><a name="[e6]"></a>_DrawGraspH</STRONG> (Thumb, 94 bytes, Stack size unknown bytes, SCROLLBAR_SkinFlex.o(.text._DrawGraspH))
<BR><BR>[Stack]<UL><LI>Max Depth = 156 + Unknown Stack Size
<LI>Call Chain = _DrawGraspH &rArr; GUI_SetColor &rArr; GUI_Lock &rArr; GUI_X_Lock &rArr; OSSemPend &rArr; OS_Pend &rArr; OS_TaskBlock &rArr; OS_TickListInsert
</UL>
<BR>[Calls]<UL><LI><a href="#[232]">&gt;&gt;</a>&nbsp;&nbsp;&nbsp;GUI_SetColor
<LI><a href="#[235]">&gt;&gt;</a>&nbsp;&nbsp;&nbsp;GUI_DrawVLine
</UL>
<BR>[Address Reference Count : 1]<UL><LI> SCROLLBAR_SkinFlex.o(.text.SCROLLBAR_DrawSkinFlex)
</UL>
<P><STRONG><a name="[e8]"></a>_DrawGraspV</STRONG> (Thumb, 94 bytes, Stack size unknown bytes, SCROLLBAR_SkinFlex.o(.text._DrawGraspV))
<BR><BR>[Stack]<UL><LI>Max Depth = 156 + Unknown Stack Size
<LI>Call Chain = _DrawGraspV &rArr; GUI_SetColor &rArr; GUI_Lock &rArr; GUI_X_Lock &rArr; OSSemPend &rArr; OS_Pend &rArr; OS_TaskBlock &rArr; OS_TickListInsert
</UL>
<BR>[Calls]<UL><LI><a href="#[232]">&gt;&gt;</a>&nbsp;&nbsp;&nbsp;GUI_SetColor
<LI><a href="#[233]">&gt;&gt;</a>&nbsp;&nbsp;&nbsp;GUI_DrawHLine
</UL>
<BR>[Address Reference Count : 1]<UL><LI> SCROLLBAR_SkinFlex.o(.text.SCROLLBAR_DrawSkinFlex)
</UL>
<P><STRONG><a name="[4be]"></a>_DrawFrame</STRONG> (Thumb, 244 bytes, Stack size unknown bytes, SCROLLBAR_SkinFlex.o(.text._DrawFrame))
<BR><BR>[Stack]<UL><LI>Max Depth = 156 + Unknown Stack Size
<LI>Call Chain = _DrawFrame &rArr; GUI_SetColor &rArr; GUI_Lock &rArr; GUI_X_Lock &rArr; OSSemPend &rArr; OS_Pend &rArr; OS_TaskBlock &rArr; OS_TickListInsert
</UL>
<BR>[Calls]<UL><LI><a href="#[232]">&gt;&gt;</a>&nbsp;&nbsp;&nbsp;GUI_SetColor
<LI><a href="#[235]">&gt;&gt;</a>&nbsp;&nbsp;&nbsp;GUI_DrawVLine
<LI><a href="#[233]">&gt;&gt;</a>&nbsp;&nbsp;&nbsp;GUI_DrawHLine
<LI><a href="#[23a]">&gt;&gt;</a>&nbsp;&nbsp;&nbsp;GUI_DrawPixel
</UL>
<BR>[Called By]<UL><LI><a href="#[e9]">&gt;&gt;</a>&nbsp;&nbsp;&nbsp;_DrawBackgroundV
<LI><a href="#[e7]">&gt;&gt;</a>&nbsp;&nbsp;&nbsp;_DrawBackgroundH
</UL>

<P><STRONG><a name="[e7]"></a>_DrawBackgroundH</STRONG> (Thumb, 94 bytes, Stack size unknown bytes, SCROLLBAR_SkinFlex.o(.text._DrawBackgroundH))
<BR><BR>[Stack]<UL><LI>Max Depth = 156 + Unknown Stack Size
<LI>Call Chain = _DrawBackgroundH &rArr; GUI_DrawGradientV &rArr; GUI_Lock &rArr; GUI_X_Lock &rArr; OSSemPend &rArr; OS_Pend &rArr; OS_TaskBlock &rArr; OS_TickListInsert
</UL>
<BR>[Calls]<UL><LI><a href="#[ea]">&gt;&gt;</a>&nbsp;&nbsp;&nbsp;GUI_DrawGradientV
<LI><a href="#[4be]">&gt;&gt;</a>&nbsp;&nbsp;&nbsp;_DrawFrame
</UL>
<BR>[Address Reference Count : 1]<UL><LI> SCROLLBAR_SkinFlex.o(.text.SCROLLBAR_DrawSkinFlex)
</UL>
<P><STRONG><a name="[e9]"></a>_DrawBackgroundV</STRONG> (Thumb, 94 bytes, Stack size unknown bytes, SCROLLBAR_SkinFlex.o(.text._DrawBackgroundV))
<BR><BR>[Stack]<UL><LI>Max Depth = 156 + Unknown Stack Size
<LI>Call Chain = _DrawBackgroundV &rArr; _DrawFrame &rArr; GUI_SetColor &rArr; GUI_Lock &rArr; GUI_X_Lock &rArr; OSSemPend &rArr; OS_Pend &rArr; OS_TaskBlock &rArr; OS_TickListInsert
</UL>
<BR>[Calls]<UL><LI><a href="#[4be]">&gt;&gt;</a>&nbsp;&nbsp;&nbsp;_DrawFrame
<LI><a href="#[eb]">&gt;&gt;</a>&nbsp;&nbsp;&nbsp;GUI_DrawGradientH
</UL>
<BR>[Address Reference Count : 1]<UL><LI> SCROLLBAR_SkinFlex.o(.text.SCROLLBAR_DrawSkinFlex)
</UL>
<P><STRONG><a name="[310]"></a>_WriteToActiveAlpha</STRONG> (Thumb, 408 bytes, Stack size unknown bytes, GUIDEV_WriteToActiveAlpha.o(.text._WriteToActiveAlpha))
<BR><BR>[Stack]<UL><LI>Max Depth = 156 + Unknown Stack Size
<LI>Call Chain = _WriteToActiveAlpha &rArr; GUI__AllocAlphaBuffer &rArr; GUI_ALLOC_GetFixedBlock &rArr; _EnlargeBlocks &rArr;  _Alloc (Cycle)
</UL>
<BR>[Calls]<UL><LI><a href="#[289]">&gt;&gt;</a>&nbsp;&nbsp;&nbsp;LCD_DrawBitmap
<LI><a href="#[219]">&gt;&gt;</a>&nbsp;&nbsp;&nbsp;GUI_ALLOC_UnlockH
<LI><a href="#[218]">&gt;&gt;</a>&nbsp;&nbsp;&nbsp;GUI_ALLOC_LockH
<LI><a href="#[342]">&gt;&gt;</a>&nbsp;&nbsp;&nbsp;GUI__AllocAlphaBuffer
<LI><a href="#[348]">&gt;&gt;</a>&nbsp;&nbsp;&nbsp;GUI__DoAlphaBlending
<LI><a href="#[308]">&gt;&gt;</a>&nbsp;&nbsp;&nbsp;GUI_MEMDEV_GetDataPtr
<LI><a href="#[4ce]">&gt;&gt;</a>&nbsp;&nbsp;&nbsp;GUI__CompactPixelIndicesEx
</UL>
<BR>[Called By]<UL><LI><a href="#[10b]">&gt;&gt;</a>&nbsp;&nbsp;&nbsp;GUI_MEMDEV__WriteToActiveAlpha
</UL>

<P><STRONG><a name="[4ef]"></a>_fp_digits</STRONG> (Thumb, 366 bytes, Stack size 64 bytes, printfa.o(i._fp_digits), UNUSED)
<BR><BR>[Calls]<UL><LI><a href="#[1cb]">&gt;&gt;</a>&nbsp;&nbsp;&nbsp;__aeabi_dmul
<LI><a href="#[1cc]">&gt;&gt;</a>&nbsp;&nbsp;&nbsp;__aeabi_ddiv
<LI><a href="#[1c5]">&gt;&gt;</a>&nbsp;&nbsp;&nbsp;__aeabi_dadd
<LI><a href="#[1cd]">&gt;&gt;</a>&nbsp;&nbsp;&nbsp;__aeabi_d2ulz
<LI><a href="#[4f0]">&gt;&gt;</a>&nbsp;&nbsp;&nbsp;__aeabi_cdrcmple
<LI><a href="#[1c0]">&gt;&gt;</a>&nbsp;&nbsp;&nbsp;__aeabi_uldivmod
</UL>
<BR>[Called By]<UL><LI><a href="#[4ec]">&gt;&gt;</a>&nbsp;&nbsp;&nbsp;_printf_core
</UL>

<P><STRONG><a name="[4ec]"></a>_printf_core</STRONG> (Thumb, 1744 bytes, Stack size 136 bytes, printfa.o(i._printf_core), UNUSED)
<BR><BR>[Calls]<UL><LI><a href="#[4f3]">&gt;&gt;</a>&nbsp;&nbsp;&nbsp;__aeabi_uidivmod
<LI><a href="#[4f1]">&gt;&gt;</a>&nbsp;&nbsp;&nbsp;_printf_pre_padding
<LI><a href="#[4f2]">&gt;&gt;</a>&nbsp;&nbsp;&nbsp;_printf_post_padding
<LI><a href="#[4ef]">&gt;&gt;</a>&nbsp;&nbsp;&nbsp;_fp_digits
<LI><a href="#[1c0]">&gt;&gt;</a>&nbsp;&nbsp;&nbsp;__aeabi_uldivmod
</UL>
<BR>[Called By]<UL><LI><a href="#[4ee]">&gt;&gt;</a>&nbsp;&nbsp;&nbsp;__0vsnprintf
<LI><a href="#[4ed]">&gt;&gt;</a>&nbsp;&nbsp;&nbsp;__0sprintf
<LI><a href="#[4eb]">&gt;&gt;</a>&nbsp;&nbsp;&nbsp;__0printf
</UL>

<P><STRONG><a name="[4f2]"></a>_printf_post_padding</STRONG> (Thumb, 36 bytes, Stack size 24 bytes, printfa.o(i._printf_post_padding), UNUSED)
<BR><BR>[Called By]<UL><LI><a href="#[4ec]">&gt;&gt;</a>&nbsp;&nbsp;&nbsp;_printf_core
</UL>

<P><STRONG><a name="[4f1]"></a>_printf_pre_padding</STRONG> (Thumb, 46 bytes, Stack size 24 bytes, printfa.o(i._printf_pre_padding), UNUSED)
<BR><BR>[Called By]<UL><LI><a href="#[4ec]">&gt;&gt;</a>&nbsp;&nbsp;&nbsp;_printf_core
</UL>

<P><STRONG><a name="[10f]"></a>_snputc</STRONG> (Thumb, 22 bytes, Stack size 0 bytes, printfa.o(i._snputc))
<BR>[Address Reference Count : 1]<UL><LI> printfa.o(i.__0vsnprintf)
</UL>
<P><STRONG><a name="[10e]"></a>_sputc</STRONG> (Thumb, 10 bytes, Stack size 0 bytes, printfa.o(i._sputc))
<BR><BR>[Called By]<UL><LI><a href="#[4ed]">&gt;&gt;</a>&nbsp;&nbsp;&nbsp;__0sprintf
</UL>
<BR>[Address Reference Count : 1]<UL><LI> printfa.o(i.__0sprintf)
</UL><P>
<H3>
Undefined Global Symbols
</H3><HR></body></html>
